156.197.180.193 - - [08/Mar/2026:11:40:51 +0000] "GET /api/scans/118e2314-6031-45a2-886a-01264a393d5f HTTP/1.1" 200 360 "-" "Mozilla/5.0 (X11; Linux x86_64) AppleWebKit/537.36 (KHTML, like Gecko) Chrome/145.0.0.0 Safari/537.36"
154.184.186.254 - - [08/Mar/2026:11:40:52 +0000] "GET /api/reports HTTP/1.1" 200 2 "-" "Mozilla/5.0 (X11; Linux x86_64) AppleWebKit/537.36 (KHTML, like Gecko) Chrome/144.0.0.0 Safari/537.36 OPR/129.0.0.0"
154.184.186.254 - - [08/Mar/2026:11:40:53 +0000] "GET /api/settings HTTP/1.1" 304 0 "-" "Mozilla/5.0 (X11; Linux x86_64) AppleWebKit/537.36 (KHTML, like Gecko) Chrome/144.0.0.0 Safari/537.36 OPR/129.0.0.0"
156.197.180.193 - - [08/Mar/2026:11:40:53 +0000] "GET /api/scans/118e2314-6031-45a2-886a-01264a393d5f HTTP/1.1" 200 360 "-" "Mozilla/5.0 (X11; Linux x86_64) AppleWebKit/537.36 (KHTML, like Gecko) Chrome/145.0.0.0 Safari/537.36"
156.197.180.193 - - [08/Mar/2026:11:40:56 +0000] "GET /api/scans/118e2314-6031-45a2-886a-01264a393d5f HTTP/1.1" 200 360 "-" "Mozilla/5.0 (X11; Linux x86_64) AppleWebKit/537.36 (KHTML, like Gecko) Chrome/145.0.0.0 Safari/537.36"
156.221.24.149 - - [08/Mar/2026:11:41:02 +0000] "GET /scan HTTP/1.1" 200 2283 "-" "Mozilla/5.0 (Windows NT 10.0; Win64; x64) AppleWebKit/537.36 (KHTML, like Gecko) Chrome/145.0.0.0 Safari/537.36"
156.197.180.193 - - [08/Mar/2026:11:41:02 +0000] "GET /api/scans/118e2314-6031-45a2-886a-01264a393d5f HTTP/1.1" 200 361 "-" "Mozilla/5.0 (X11; Linux x86_64) AppleWebKit/537.36 (KHTML, like Gecko) Chrome/145.0.0.0 Safari/537.36"
156.221.24.149 - - [08/Mar/2026:11:41:04 +0000] "GET /api/auth/me HTTP/1.1" 304 0 "-" "Mozilla/5.0 (Windows NT 10.0; Win64; x64) AppleWebKit/537.36 (KHTML, like Gecko) Chrome/145.0.0.0 Safari/537.36"
156.221.24.149 - - [08/Mar/2026:11:41:05 +0000] "GET /favicon.png HTTP/1.1" 304 0 "-" "Mozilla/5.0 (Windows NT 10.0; Win64; x64) AppleWebKit/537.36 (KHTML, like Gecko) Chrome/145.0.0.0 Safari/537.36"
154.184.186.254 - - [08/Mar/2026:11:41:05 +0000] "PATCH /api/settings HTTP/1.1" 404 30 "-" "Mozilla/5.0 (X11; Linux x86_64) AppleWebKit/537.36 (KHTML, like Gecko) Chrome/144.0.0.0 Safari/537.36 OPR/129.0.0.0"
156.197.180.193 - - [08/Mar/2026:11:41:07 +0000] "GET /api/scans/118e2314-6031-45a2-886a-01264a393d5f HTTP/1.1" 200 1865 "-" "Mozilla/5.0 (X11; Linux x86_64) AppleWebKit/537.36 (KHTML, like Gecko) Chrome/145.0.0.0 Safari/537.36"
154.184.186.254 - - [08/Mar/2026:11:41:07 +0000] "POST /api/scans HTTP/1.1" 201 321 "-" "Mozilla/5.0 (X11; Linux x86_64) AppleWebKit/537.36 (KHTML, like Gecko) Chrome/144.0.0.0 Safari/537.36 OPR/129.0.0.0"
156.221.24.149 - - [08/Mar/2026:11:41:08 +0000] "GET /api/scans/recent HTTP/1.1" 200 706 "-" "Mozilla/5.0 (Windows NT 10.0; Win64; x64) AppleWebKit/537.36 (KHTML, like Gecko) Chrome/145.0.0.0 Safari/537.36"
156.221.24.149 - - [08/Mar/2026:11:41:10 +0000] "GET /api/settings HTTP/1.1" 304 0 "-" "Mozilla/5.0 (Windows NT 10.0; Win64; x64) AppleWebKit/537.36 (KHTML, like Gecko) Chrome/145.0.0.0 Safari/537.36"
154.184.186.254 - - [08/Mar/2026:11:41:22 +0000] "GET /api/scans/d949f6f3-d793-42d5-b4aa-4ed3aa99cbc2 HTTP/1.1" 200 364 "-" "Mozilla/5.0 (X11; Linux x86_64) AppleWebKit/537.36 (KHTML, like Gecko) Chrome/144.0.0.0 Safari/537.36 OPR/129.0.0.0"
154.184.186.254 - - [08/Mar/2026:11:41:36 +0000] "POST /api/scans HTTP/1.1" 201 321 "-" "Mozilla/5.0 (X11; Linux x86_64) AppleWebKit/537.36 (KHTML, like Gecko) Chrome/144.0.0.0 Safari/537.36 OPR/129.0.0.0"
156.197.180.193 - - [08/Mar/2026:11:41:41 +0000] "GET /api/scans/118e2314-6031-45a2-886a-01264a393d5f HTTP/1.1" 200 7371 "-" "Mozilla/5.0 (X11; Linux x86_64) AppleWebKit/537.36 (KHTML, like Gecko) Chrome/145.0.0.0 Safari/537.36"
156.197.180.193 - - [08/Mar/2026:11:41:56 +0000] "GET /reports HTTP/1.1" 200 2283 "-" "Mozilla/5.0 (X11; Linux x86_64) AppleWebKit/537.36 (KHTML, like Gecko) Chrome/145.0.0.0 Safari/537.36"
156.197.180.193 - - [08/Mar/2026:11:41:56 +0000] "GET /api/schedules HTTP/1.1" 499 0 "-" "Mozilla/5.0 (X11; Linux x86_64) AppleWebKit/537.36 (KHTML, like Gecko) Chrome/145.0.0.0 Safari/537.36"
156.197.180.193 - - [08/Mar/2026:11:41:56 +0000] "GET /favicon.png HTTP/1.1" 499 0 "-" "Mozilla/5.0 (X11; Linux x86_64) AppleWebKit/537.36 (KHTML, like Gecko) Chrome/145.0.0.0 Safari/537.36"
156.197.180.193 - - [08/Mar/2026:11:41:56 +0000] "GET /favicon.png HTTP/1.1" 499 0 "-" "Mozilla/5.0 (X11; Linux x86_64) AppleWebKit/537.36 (KHTML, like Gecko) Chrome/145.0.0.0 Safari/537.36"
156.197.180.193 - - [08/Mar/2026:11:41:56 +0000] "GET /api/scans/118e2314-6031-45a2-886a-01264a393d5f HTTP/1.1" 499 0 "-" "Mozilla/5.0 (X11; Linux x86_64) AppleWebKit/537.36 (KHTML, like Gecko) Chrome/145.0.0.0 Safari/537.36"
156.197.180.193 - - [08/Mar/2026:11:41:56 +0000] "GET /api/reports HTTP/1.1" 499 0 "-" "Mozilla/5.0 (X11; Linux x86_64) AppleWebKit/537.36 (KHTML, like Gecko) Chrome/145.0.0.0 Safari/537.36"
154.184.186.254 - - [08/Mar/2026:11:42:02 +0000] "GET /api/scans/d949f6f3-d793-42d5-b4aa-4ed3aa99cbc2 HTTP/1.1" 200 364 "-" "Mozilla/5.0 (X11; Linux x86_64) AppleWebKit/537.36 (KHTML, like Gecko) Chrome/144.0.0.0 Safari/537.36 OPR/129.0.0.0"
45.103.27.70 - - [08/Mar/2026:11:42:21 +0000] "POST /api/auth/signup HTTP/1.1" 504 569 "-" "Mozilla/5.0 (Linux; Android 10; K) AppleWebKit/537.36 (KHTML, like Gecko) Chrome/145.0.0.0 Mobile Safari/537.36"
154.184.186.254 - - [08/Mar/2026:11:42:36 +0000] "GET /api/scans/8a8c5760-b3d2-41e6-b59a-70a34d04e351 HTTP/1.1" 200 364 "-" "Mozilla/5.0 (X11; Linux x86_64) AppleWebKit/537.36 (KHTML, like Gecko) Chrome/144.0.0.0 Safari/537.36 OPR/129.0.0.0"
154.184.186.254 - - [08/Mar/2026:11:42:39 +0000] "POST /api/scans HTTP/1.1" 504 569 "-" "Mozilla/5.0 (X11; Linux x86_64) AppleWebKit/537.36 (KHTML, like Gecko) Chrome/144.0.0.0 Safari/537.36 OPR/129.0.0.0"
156.197.180.193 - - [08/Mar/2026:11:42:39 +0000] "GET /reports HTTP/1.1" 499 0 "-" "Mozilla/5.0 (X11; Linux x86_64) AppleWebKit/537.36 (KHTML, like Gecko) Chrome/145.0.0.0 Safari/537.36"
154.184.186.254 - - [08/Mar/2026:11:42:52 +0000] "POST /api/scans HTTP/1.1" 504 569 "-" "Mozilla/5.0 (X11; Linux x86_64) AppleWebKit/537.36 (KHTML, like Gecko) Chrome/144.0.0.0 Safari/537.36 OPR/129.0.0.0"
154.184.186.254 - - [08/Mar/2026:11:42:57 +0000] "GET /api/scans/d949f6f3-d793-42d5-b4aa-4ed3aa99cbc2 HTTP/1.1" 504 569 "-" "Mozilla/5.0 (X11; Linux x86_64) AppleWebKit/537.36 (KHTML, like Gecko) Chrome/144.0.0.0 Safari/537.36 OPR/129.0.0.0"
156.197.180.193 - - [08/Mar/2026:11:42:57 +0000] "GET /api/auth/me HTTP/1.1" 504 569 "-" "Mozilla/5.0 (X11; Linux x86_64) AppleWebKit/537.36 (KHTML, like Gecko) Chrome/145.0.0.0 Safari/537.36"
156.197.180.193 - - [08/Mar/2026:11:42:57 +0000] "GET /favicon.png HTTP/1.1" 504 569 "-" "Mozilla/5.0 (X11; Linux x86_64) AppleWebKit/537.36 (KHTML, like Gecko) Chrome/145.0.0.0 Safari/537.36"
197.150.160.198 - - [08/Mar/2026:11:43:22 +0000] "GET / HTTP/1.1" 504 569 "-" "Mozilla/5.0 (Linux; Android 10; K) AppleWebKit/537.36 (KHTML, like Gecko) Chrome/143.0.0.0 Mobile Safari/537.36"
45.103.27.70 - - [08/Mar/2026:11:43:24 +0000] "POST /api/auth/signup HTTP/1.1" 504 569 "-" "Mozilla/5.0 (Linux; Android 10; K) AppleWebKit/537.36 (KHTML, like Gecko) Chrome/145.0.0.0 Mobile Safari/537.36"
154.184.186.254 - - [08/Mar/2026:11:43:28 +0000] "POST /api/scans/8a8c5760-b3d2-41e6-b59a-70a34d04e351/cancel HTTP/1.1" 499 0 "-" "Mozilla/5.0 (X11; Linux x86_64) AppleWebKit/537.36 (KHTML, like Gecko) Chrome/144.0.0.0 Safari/537.36 OPR/129.0.0.0"
154.184.186.254 - - [08/Mar/2026:11:43:28 +0000] "GET /scan HTTP/1.1" 499 0 "-" "Mozilla/5.0 (X11; Linux x86_64) AppleWebKit/537.36 (KHTML, like Gecko) Chrome/144.0.0.0 Safari/537.36 OPR/129.0.0.0"
154.184.186.254 - - [08/Mar/2026:11:43:28 +0000] "GET /api/scans/8a8c5760-b3d2-41e6-b59a-70a34d04e351 HTTP/1.1" 499 0 "-" "Mozilla/5.0 (X11; Linux x86_64) AppleWebKit/537.36 (KHTML, like Gecko) Chrome/144.0.0.0 Safari/537.36 OPR/129.0.0.0"
156.197.180.193 - - [08/Mar/2026:11:43:39 +0000] "GET /reports HTTP/1.1" 504 569 "-" "Mozilla/5.0 (X11; Linux x86_64) AppleWebKit/537.36 (KHTML, like Gecko) Chrome/145.0.0.0 Safari/537.36"
156.197.180.193 - - [08/Mar/2026:11:43:40 +0000] "POST /api/auth/login HTTP/1.1" 499 0 "-" "Mozilla/5.0 (X11; Linux x86_64) AppleWebKit/537.36 (KHTML, like Gecko) Chrome/145.0.0.0 Safari/537.36"
154.184.186.254 - - [08/Mar/2026:11:44:03 +0000] "GET / HTTP/1.1" 499 0 "-" "Mozilla/5.0 (X11; Linux x86_64) AppleWebKit/537.36 (KHTML, like Gecko) Chrome/144.0.0.0 Safari/537.36 OPR/129.0.0.0"
45.103.27.70 - - [08/Mar/2026:11:44:15 +0000] "GET /signup HTTP/1.1" 504 569 "-" "Mozilla/5.0 (Linux; Android 10; K) AppleWebKit/537.36 (KHTML, like Gecko) Chrome/145.0.0.0 Mobile Safari/537.36"
197.150.160.198 - - [08/Mar/2026:11:44:23 +0000] "GET /favicon.ico HTTP/1.1" 504 569 "http://35.87.145.4/" "Mozilla/5.0 (Linux; Android 10; K) AppleWebKit/537.36 (KHTML, like Gecko) Chrome/143.0.0.0 Mobile Safari/537.36"
154.184.186.254 - - [08/Mar/2026:11:44:28 +0000] "GET /scan HTTP/1.1" 504 569 "-" "Mozilla/5.0 (X11; Linux x86_64) AppleWebKit/537.36 (KHTML, like Gecko) Chrome/144.0.0.0 Safari/537.36 OPR/129.0.0.0"
156.197.180.193 - - [08/Mar/2026:11:44:40 +0000] "GET /favicon.ico HTTP/1.1" 504 569 "http://35.87.145.4/reports" "Mozilla/5.0 (X11; Linux x86_64) AppleWebKit/537.36 (KHTML, like Gecko) Chrome/145.0.0.0 Safari/537.36"
156.197.180.193 - - [08/Mar/2026:11:45:00 +0000] "GET /reports HTTP/1.1" 504 569 "-" "Mozilla/5.0 (X11; Linux x86_64) AppleWebKit/537.36 (KHTML, like Gecko) Chrome/145.0.0.0 Safari/537.36"
45.103.27.70 - - [08/Mar/2026:11:45:16 +0000] "GET /favicon.ico HTTP/1.1" 504 569 "http://35.87.145.4/signup" "Mozilla/5.0 (Linux; Android 10; K) AppleWebKit/537.36 (KHTML, like Gecko) Chrome/145.0.0.0 Mobile Safari/537.36"
154.184.186.254 - - [08/Mar/2026:11:46:12 +0000] "GET / HTTP/1.1" 200 2283 "-" "Mozilla/5.0 (X11; Linux x86_64) AppleWebKit/537.36 (KHTML, like Gecko) Chrome/144.0.0.0 Safari/537.36 OPR/129.0.0.0"
154.184.186.254 - - [08/Mar/2026:11:46:16 +0000] "GET /api/auth/me HTTP/1.1" 304 0 "-" "Mozilla/5.0 (X11; Linux x86_64) AppleWebKit/537.36 (KHTML, like Gecko) Chrome/144.0.0.0 Safari/537.36 OPR/129.0.0.0"
154.184.186.254 - - [08/Mar/2026:11:46:21 +0000] "GET /api/scans/recent?limit=5 HTTP/1.1" 200 1802 "-" "Mozilla/5.0 (X11; Linux x86_64) AppleWebKit/537.36 (KHTML, like Gecko) Chrome/144.0.0.0 Safari/537.36 OPR/129.0.0.0"
154.184.186.254 - - [08/Mar/2026:11:46:24 +0000] "GET /api/dashboard HTTP/1.1" 500 42 "-" "Mozilla/5.0 (X11; Linux x86_64) AppleWebKit/537.36 (KHTML, like Gecko) Chrome/144.0.0.0 Safari/537.36 OPR/129.0.0.0"
154.184.186.254 - - [08/Mar/2026:11:46:40 +0000] "GET /api/settings HTTP/1.1" 304 0 "-" "Mozilla/5.0 (X11; Linux x86_64) AppleWebKit/537.36 (KHTML, like Gecko) Chrome/144.0.0.0 Safari/537.36 OPR/129.0.0.0"
154.184.186.254 - - [08/Mar/2026:11:46:48 +0000] "GET /api/reports HTTP/1.1" 304 0 "-" "Mozilla/5.0 (X11; Linux x86_64) AppleWebKit/537.36 (KHTML, like Gecko) Chrome/144.0.0.0 Safari/537.36 OPR/129.0.0.0"
154.184.186.254 - - [08/Mar/2026:11:47:17 +0000] "GET /api/vulnerabilities HTTP/1.1" 504 569 "-" "Mozilla/5.0 (X11; Linux x86_64) AppleWebKit/537.36 (KHTML, like Gecko) Chrome/144.0.0.0 Safari/537.36 OPR/129.0.0.0"
154.184.186.254 - - [08/Mar/2026:11:47:24 +0000] "GET /api/schedules HTTP/1.1" 304 0 "-" "Mozilla/5.0 (X11; Linux x86_64) AppleWebKit/537.36 (KHTML, like Gecko) Chrome/144.0.0.0 Safari/537.36 OPR/129.0.0.0"
154.184.186.254 - - [08/Mar/2026:11:47:31 +0000] "GET /api/scans HTTP/1.1" 500 33 "-" "Mozilla/5.0 (X11; Linux x86_64) AppleWebKit/537.36 (KHTML, like Gecko) Chrome/144.0.0.0 Safari/537.36 OPR/129.0.0.0"
154.184.186.254 - - [08/Mar/2026:11:47:33 +0000] "PATCH /api/settings HTTP/1.1" 404 30 "-" "Mozilla/5.0 (X11; Linux x86_64) AppleWebKit/537.36 (KHTML, like Gecko) Chrome/144.0.0.0 Safari/537.36 OPR/129.0.0.0"
154.184.186.254 - - [08/Mar/2026:11:47:43 +0000] "POST /api/scans HTTP/1.1" 201 321 "-" "Mozilla/5.0 (X11; Linux x86_64) AppleWebKit/537.36 (KHTML, like Gecko) Chrome/144.0.0.0 Safari/537.36 OPR/129.0.0.0"
154.184.186.254 - - [08/Mar/2026:11:47:51 +0000] "GET /api/scans/a058c2bf-e25f-46ef-8b5f-b51899aedd99 HTTP/1.1" 200 364 "-" "Mozilla/5.0 (X11; Linux x86_64) AppleWebKit/537.36 (KHTML, like Gecko) Chrome/144.0.0.0 Safari/537.36 OPR/129.0.0.0"
154.184.186.254 - - [08/Mar/2026:11:48:01 +0000] "GET /api/scans/a058c2bf-e25f-46ef-8b5f-b51899aedd99 HTTP/1.1" 200 364 "-" "Mozilla/5.0 (X11; Linux x86_64) AppleWebKit/537.36 (KHTML, like Gecko) Chrome/144.0.0.0 Safari/537.36 OPR/129.0.0.0"
154.184.186.254 - - [08/Mar/2026:11:48:03 +0000] "GET /scan HTTP/1.1" 200 2283 "-" "Mozilla/5.0 (X11; Linux x86_64) AppleWebKit/537.36 (KHTML, like Gecko) Chrome/144.0.0.0 Safari/537.36 OPR/129.0.0.0"
154.184.186.254 - - [08/Mar/2026:11:48:03 +0000] "GET /api/scans/a058c2bf-e25f-46ef-8b5f-b51899aedd99 HTTP/1.1" 499 0 "-" "Mozilla/5.0 (X11; Linux x86_64) AppleWebKit/537.36 (KHTML, like Gecko) Chrome/144.0.0.0 Safari/537.36 OPR/129.0.0.0"
154.184.186.254 - - [08/Mar/2026:11:48:04 +0000] "GET /api/auth/me HTTP/1.1" 304 0 "-" "Mozilla/5.0 (X11; Linux x86_64) AppleWebKit/537.36 (KHTML, like Gecko) Chrome/144.0.0.0 Safari/537.36 OPR/129.0.0.0"
154.184.186.254 - - [08/Mar/2026:11:48:06 +0000] "GET /api/scans/recent HTTP/1.1" 200 2224 "-" "Mozilla/5.0 (X11; Linux x86_64) AppleWebKit/537.36 (KHTML, like Gecko) Chrome/144.0.0.0 Safari/537.36 OPR/129.0.0.0"
154.184.186.254 - - [08/Mar/2026:11:48:06 +0000] "GET /api/settings HTTP/1.1" 304 0 "-" "Mozilla/5.0 (X11; Linux x86_64) AppleWebKit/537.36 (KHTML, like Gecko) Chrome/144.0.0.0 Safari/537.36 OPR/129.0.0.0"
154.184.186.254 - - [08/Mar/2026:11:48:20 +0000] "PATCH /api/settings HTTP/1.1" 404 30 "-" "Mozilla/5.0 (X11; Linux x86_64) AppleWebKit/537.36 (KHTML, like Gecko) Chrome/144.0.0.0 Safari/537.36 OPR/129.0.0.0"
154.184.186.254 - - [08/Mar/2026:11:48:37 +0000] "POST /api/scans HTTP/1.1" 201 321 "-" "Mozilla/5.0 (X11; Linux x86_64) AppleWebKit/537.36 (KHTML, like Gecko) Chrome/144.0.0.0 Safari/537.36 OPR/129.0.0.0"
197.43.144.145 - - [08/Mar/2026:11:48:53 +0000] "GET / HTTP/1.1" 499 0 "-" "Mozilla/5.0 (Linux; Android 10; K) AppleWebKit/537.36 (KHTML, like Gecko) Chrome/145.0.0.0 Mobile Safari/537.36"
154.184.186.254 - - [08/Mar/2026:11:49:37 +0000] "GET /api/scans/dc867b8e-709e-42ce-8952-b69a70c16034 HTTP/1.1" 504 569 "-" "Mozilla/5.0 (X11; Linux x86_64) AppleWebKit/537.36 (KHTML, like Gecko) Chrome/144.0.0.0 Safari/537.36 OPR/129.0.0.0"
197.43.144.145 - - [08/Mar/2026:11:49:38 +0000] "GET / HTTP/1.1" 499 0 "-" "Mozilla/5.0 (Linux; Android 10; K) AppleWebKit/537.36 (KHTML, like Gecko) Chrome/145.0.0.0 Mobile Safari/537.36"
154.184.186.254 - - [08/Mar/2026:11:50:18 +0000] "GET /api/scans/dc867b8e-709e-42ce-8952-b69a70c16034 HTTP/1.1" 499 0 "-" "Mozilla/5.0 (X11; Linux x86_64) AppleWebKit/537.36 (KHTML, like Gecko) Chrome/144.0.0.0 Safari/537.36 OPR/129.0.0.0"
154.184.186.254 - - [08/Mar/2026:11:50:18 +0000] "GET /scan HTTP/1.1" 499 0 "-" "Mozilla/5.0 (X11; Linux x86_64) AppleWebKit/537.36 (KHTML, like Gecko) Chrome/144.0.0.0 Safari/537.36 OPR/129.0.0.0"
154.184.186.254 - - [08/Mar/2026:11:50:18 +0000] "POST /api/scans HTTP/1.1" 499 0 "-" "Mozilla/5.0 (X11; Linux x86_64) AppleWebKit/537.36 (KHTML, like Gecko) Chrome/144.0.0.0 Safari/537.36 OPR/129.0.0.0"
154.184.186.254 - - [08/Mar/2026:11:51:18 +0000] "GET /scan HTTP/1.1" 504 569 "-" "Mozilla/5.0 (X11; Linux x86_64) AppleWebKit/537.36 (KHTML, like Gecko) Chrome/144.0.0.0 Safari/537.36 OPR/129.0.0.0"
154.184.186.254 - - [08/Mar/2026:11:51:22 +0000] "GET / HTTP/1.1" 504 569 "-" "Mozilla/5.0 (X11; Linux x86_64) AppleWebKit/537.36 (KHTML, like Gecko) Chrome/144.0.0.0 Safari/537.36 OPR/129.0.0.0"
154.184.186.254 - - [08/Mar/2026:11:51:33 +0000] "GET / HTTP/1.1" 502 559 "-" "Mozilla/5.0 (X11; Linux x86_64) AppleWebKit/537.36 (KHTML, like Gecko) Chrome/144.0.0.0 Safari/537.36 OPR/129.0.0.0"
154.184.186.254 - - [08/Mar/2026:11:51:46 +0000] "GET / HTTP/1.1" 502 559 "-" "Mozilla/5.0 (X11; Linux x86_64) AppleWebKit/537.36 (KHTML, like Gecko) Chrome/144.0.0.0 Safari/537.36 OPR/129.0.0.0"
154.184.186.254 - - [08/Mar/2026:11:51:48 +0000] "GET / HTTP/1.1" 502 559 "-" "Mozilla/5.0 (X11; Linux x86_64) AppleWebKit/537.36 (KHTML, like Gecko) Chrome/144.0.0.0 Safari/537.36 OPR/129.0.0.0"
154.184.186.254 - - [08/Mar/2026:11:51:50 +0000] "GET / HTTP/1.1" 502 559 "-" "Mozilla/5.0 (X11; Linux x86_64) AppleWebKit/537.36 (KHTML, like Gecko) Chrome/144.0.0.0 Safari/537.36 OPR/129.0.0.0"
154.184.186.254 - - [08/Mar/2026:11:51:52 +0000] "GET / HTTP/1.1" 502 559 "-" "Mozilla/5.0 (X11; Linux x86_64) AppleWebKit/537.36 (KHTML, like Gecko) Chrome/144.0.0.0 Safari/537.36 OPR/129.0.0.0"
154.184.186.254 - - [08/Mar/2026:11:52:25 +0000] "GET / HTTP/1.1" 502 559 "-" "Mozilla/5.0 (X11; Linux x86_64) AppleWebKit/537.36 (KHTML, like Gecko) Chrome/144.0.0.0 Safari/537.36 OPR/129.0.0.0"
156.221.24.149 - - [08/Mar/2026:11:52:25 +0000] "POST /api/auth/logout HTTP/1.1" 502 559 "-" "Mozilla/5.0 (Windows NT 10.0; Win64; x64) AppleWebKit/537.36 (KHTML, like Gecko) Chrome/145.0.0.0 Safari/537.36"
154.184.186.254 - - [08/Mar/2026:11:52:26 +0000] "GET / HTTP/1.1" 502 559 "-" "Mozilla/5.0 (X11; Linux x86_64) AppleWebKit/537.36 (KHTML, like Gecko) Chrome/144.0.0.0 Safari/537.36 OPR/129.0.0.0"
154.184.186.254 - - [08/Mar/2026:11:53:01 +0000] "GET / HTTP/1.1" 502 559 "-" "Mozilla/5.0 (X11; Linux x86_64) AppleWebKit/537.36 (KHTML, like Gecko) Chrome/144.0.0.0 Safari/537.36 OPR/129.0.0.0"
154.184.186.254 - - [08/Mar/2026:11:53:03 +0000] "GET / HTTP/1.1" 502 559 "-" "Mozilla/5.0 (X11; Linux x86_64) AppleWebKit/537.36 (KHTML, like Gecko) Chrome/144.0.0.0 Safari/537.36 OPR/129.0.0.0"
154.184.186.254 - - [08/Mar/2026:11:53:11 +0000] "GET / HTTP/1.1" 502 559 "-" "Mozilla/5.0 (X11; Linux x86_64) AppleWebKit/537.36 (KHTML, like Gecko) Chrome/144.0.0.0 Safari/537.36 OPR/129.0.0.0"
154.184.186.254 - - [08/Mar/2026:11:53:14 +0000] "GET / HTTP/1.1" 502 559 "-" "Mozilla/5.0 (X11; Linux x86_64) AppleWebKit/537.36 (KHTML, like Gecko) Chrome/144.0.0.0 Safari/537.36 OPR/129.0.0.0"
154.184.186.254 - - [08/Mar/2026:11:53:15 +0000] "GET / HTTP/1.1" 502 559 "-" "Mozilla/5.0 (X11; Linux x86_64) AppleWebKit/537.36 (KHTML, like Gecko) Chrome/144.0.0.0 Safari/537.36 OPR/129.0.0.0"
154.184.186.254 - - [08/Mar/2026:11:53:58 +0000] "GET / HTTP/1.1" 499 0 "-" "Mozilla/5.0 (X11; Linux x86_64) AppleWebKit/537.36 (KHTML, like Gecko) Chrome/144.0.0.0 Safari/537.36 OPR/129.0.0.0"
154.184.186.254 - - [08/Mar/2026:11:54:14 +0000] "GET / HTTP/1.1" 200 2283 "-" "Mozilla/5.0 (X11; Linux x86_64) AppleWebKit/537.36 (KHTML, like Gecko) Chrome/144.0.0.0 Safari/537.36 OPR/129.0.0.0"
154.186.80.167 - - [08/Mar/2026:11:54:14 +0000] "GET / HTTP/1.1" 200 2283 "-" "Mozilla/5.0 (X11; Linux x86_64) AppleWebKit/537.36 (KHTML, like Gecko) Chrome/144.0.0.0 Safari/537.36 OPR/129.0.0.0"
154.186.80.167 - - [08/Mar/2026:11:54:20 +0000] "GET /api/auth/me HTTP/1.1" 304 0 "-" "Mozilla/5.0 (X11; Linux x86_64) AppleWebKit/537.36 (KHTML, like Gecko) Chrome/144.0.0.0 Safari/537.36 OPR/129.0.0.0"
154.186.80.167 - - [08/Mar/2026:11:54:24 +0000] "GET /api/dashboard HTTP/1.1" 200 3023 "-" "Mozilla/5.0 (X11; Linux x86_64) AppleWebKit/537.36 (KHTML, like Gecko) Chrome/144.0.0.0 Safari/537.36 OPR/129.0.0.0"
154.186.80.167 - - [08/Mar/2026:11:54:25 +0000] "GET /api/scans/recent?limit=5 HTTP/1.1" 200 1848 "-" "Mozilla/5.0 (X11; Linux x86_64) AppleWebKit/537.36 (KHTML, like Gecko) Chrome/144.0.0.0 Safari/537.36 OPR/129.0.0.0"
154.186.80.167 - - [08/Mar/2026:11:54:35 +0000] "GET /api/vulnerabilities HTTP/1.1" 200 979 "-" "Mozilla/5.0 (X11; Linux x86_64) AppleWebKit/537.36 (KHTML, like Gecko) Chrome/144.0.0.0 Safari/537.36 OPR/129.0.0.0"
154.186.80.167 - - [08/Mar/2026:11:54:47 +0000] "GET /api/scans/dc867b8e-709e-42ce-8952-b69a70c16034 HTTP/1.1" 200 385 "-" "Mozilla/5.0 (X11; Linux x86_64) AppleWebKit/537.36 (KHTML, like Gecko) Chrome/144.0.0.0 Safari/537.36 OPR/129.0.0.0"
154.186.80.167 - - [08/Mar/2026:11:55:11 +0000] "GET /api/settings HTTP/1.1" 200 31 "-" "Mozilla/5.0 (X11; Linux x86_64) AppleWebKit/537.36 (KHTML, like Gecko) Chrome/144.0.0.0 Safari/537.36 OPR/129.0.0.0"
154.186.80.167 - - [08/Mar/2026:11:55:22 +0000] "POST /api/scans HTTP/1.1" 201 324 "-" "Mozilla/5.0 (X11; Linux x86_64) AppleWebKit/537.36 (KHTML, like Gecko) Chrome/144.0.0.0 Safari/537.36 OPR/129.0.0.0"
154.186.80.167 - - [08/Mar/2026:11:55:28 +0000] "GET /api/scans/4a656ec4-7f09-4e5b-a063-512340147810 HTTP/1.1" 200 367 "-" "Mozilla/5.0 (X11; Linux x86_64) AppleWebKit/537.36 (KHTML, like Gecko) Chrome/144.0.0.0 Safari/537.36 OPR/129.0.0.0"
154.186.80.167 - - [08/Mar/2026:11:55:28 +0000] "PATCH /api/settings HTTP/1.1" 404 30 "-" "Mozilla/5.0 (X11; Linux x86_64) AppleWebKit/537.36 (KHTML, like Gecko) Chrome/144.0.0.0 Safari/537.36 OPR/129.0.0.0"
154.186.80.167 - - [08/Mar/2026:11:55:29 +0000] "GET /api/scans/4a656ec4-7f09-4e5b-a063-512340147810 HTTP/1.1" 200 367 "-" "Mozilla/5.0 (X11; Linux x86_64) AppleWebKit/537.36 (KHTML, like Gecko) Chrome/144.0.0.0 Safari/537.36 OPR/129.0.0.0"
154.186.80.167 - - [08/Mar/2026:11:55:30 +0000] "GET /api/scans/4a656ec4-7f09-4e5b-a063-512340147810 HTTP/1.1" 200 367 "-" "Mozilla/5.0 (X11; Linux x86_64) AppleWebKit/537.36 (KHTML, like Gecko) Chrome/144.0.0.0 Safari/537.36 OPR/129.0.0.0"
154.186.80.167 - - [08/Mar/2026:11:55:32 +0000] "GET /api/scans/4a656ec4-7f09-4e5b-a063-512340147810 HTTP/1.1" 200 368 "-" "Mozilla/5.0 (X11; Linux x86_64) AppleWebKit/537.36 (KHTML, like Gecko) Chrome/144.0.0.0 Safari/537.36 OPR/129.0.0.0"
154.186.80.167 - - [08/Mar/2026:11:55:33 +0000] "GET /api/scans/4a656ec4-7f09-4e5b-a063-512340147810 HTTP/1.1" 200 368 "-" "Mozilla/5.0 (X11; Linux x86_64) AppleWebKit/537.36 (KHTML, like Gecko) Chrome/144.0.0.0 Safari/537.36 OPR/129.0.0.0"
154.186.80.167 - - [08/Mar/2026:11:55:35 +0000] "GET /api/scans/4a656ec4-7f09-4e5b-a063-512340147810 HTTP/1.1" 304 0 "-" "Mozilla/5.0 (X11; Linux x86_64) AppleWebKit/537.36 (KHTML, like Gecko) Chrome/144.0.0.0 Safari/537.36 OPR/129.0.0.0"
154.186.80.167 - - [08/Mar/2026:11:55:36 +0000] "GET /api/scans/4a656ec4-7f09-4e5b-a063-512340147810 HTTP/1.1" 304 0 "-" "Mozilla/5.0 (X11; Linux x86_64) AppleWebKit/537.36 (KHTML, like Gecko) Chrome/144.0.0.0 Safari/537.36 OPR/129.0.0.0"
154.186.80.167 - - [08/Mar/2026:11:55:37 +0000] "GET /api/scans/4a656ec4-7f09-4e5b-a063-512340147810 HTTP/1.1" 304 0 "-" "Mozilla/5.0 (X11; Linux x86_64) AppleWebKit/537.36 (KHTML, like Gecko) Chrome/144.0.0.0 Safari/537.36 OPR/129.0.0.0"
154.186.80.167 - - [08/Mar/2026:11:55:39 +0000] "GET /api/scans/4a656ec4-7f09-4e5b-a063-512340147810 HTTP/1.1" 304 0 "-" "Mozilla/5.0 (X11; Linux x86_64) AppleWebKit/537.36 (KHTML, like Gecko) Chrome/144.0.0.0 Safari/537.36 OPR/129.0.0.0"
154.186.80.167 - - [08/Mar/2026:11:55:40 +0000] "GET /api/scans/4a656ec4-7f09-4e5b-a063-512340147810 HTTP/1.1" 200 368 "-" "Mozilla/5.0 (X11; Linux x86_64) AppleWebKit/537.36 (KHTML, like Gecko) Chrome/144.0.0.0 Safari/537.36 OPR/129.0.0.0"
154.186.80.167 - - [08/Mar/2026:11:55:41 +0000] "GET /api/scans/4a656ec4-7f09-4e5b-a063-512340147810 HTTP/1.1" 304 0 "-" "Mozilla/5.0 (X11; Linux x86_64) AppleWebKit/537.36 (KHTML, like Gecko) Chrome/144.0.0.0 Safari/537.36 OPR/129.0.0.0"
154.186.80.167 - - [08/Mar/2026:11:55:43 +0000] "GET /api/scans/4a656ec4-7f09-4e5b-a063-512340147810 HTTP/1.1" 304 0 "-" "Mozilla/5.0 (X11; Linux x86_64) AppleWebKit/537.36 (KHTML, like Gecko) Chrome/144.0.0.0 Safari/537.36 OPR/129.0.0.0"
154.186.80.167 - - [08/Mar/2026:11:55:44 +0000] "GET /api/scans/4a656ec4-7f09-4e5b-a063-512340147810 HTTP/1.1" 200 368 "-" "Mozilla/5.0 (X11; Linux x86_64) AppleWebKit/537.36 (KHTML, like Gecko) Chrome/144.0.0.0 Safari/537.36 OPR/129.0.0.0"
154.186.80.167 - - [08/Mar/2026:11:55:45 +0000] "GET /api/scans/4a656ec4-7f09-4e5b-a063-512340147810 HTTP/1.1" 304 0 "-" "Mozilla/5.0 (X11; Linux x86_64) AppleWebKit/537.36 (KHTML, like Gecko) Chrome/144.0.0.0 Safari/537.36 OPR/129.0.0.0"
154.186.80.167 - - [08/Mar/2026:11:55:47 +0000] "GET /api/scans/4a656ec4-7f09-4e5b-a063-512340147810 HTTP/1.1" 200 368 "-" "Mozilla/5.0 (X11; Linux x86_64) AppleWebKit/537.36 (KHTML, like Gecko) Chrome/144.0.0.0 Safari/537.36 OPR/129.0.0.0"
154.186.80.167 - - [08/Mar/2026:11:56:09 +0000] "GET /api/scans/4a656ec4-7f09-4e5b-a063-512340147810 HTTP/1.1" 200 368 "-" "Mozilla/5.0 (X11; Linux x86_64) AppleWebKit/537.36 (KHTML, like Gecko) Chrome/144.0.0.0 Safari/537.36 OPR/129.0.0.0"
154.186.80.167 - - [08/Mar/2026:11:56:10 +0000] "GET /api/scans/4a656ec4-7f09-4e5b-a063-512340147810 HTTP/1.1" 304 0 "-" "Mozilla/5.0 (X11; Linux x86_64) AppleWebKit/537.36 (KHTML, like Gecko) Chrome/144.0.0.0 Safari/537.36 OPR/129.0.0.0"
154.186.80.167 - - [08/Mar/2026:11:56:12 +0000] "GET /api/scans/4a656ec4-7f09-4e5b-a063-512340147810 HTTP/1.1" 304 0 "-" "Mozilla/5.0 (X11; Linux x86_64) AppleWebKit/537.36 (KHTML, like Gecko) Chrome/144.0.0.0 Safari/537.36 OPR/129.0.0.0"
154.186.80.167 - - [08/Mar/2026:11:56:13 +0000] "GET /api/scans/4a656ec4-7f09-4e5b-a063-512340147810 HTTP/1.1" 304 0 "-" "Mozilla/5.0 (X11; Linux x86_64) AppleWebKit/537.36 (KHTML, like Gecko) Chrome/144.0.0.0 Safari/537.36 OPR/129.0.0.0"
154.186.80.167 - - [08/Mar/2026:11:56:15 +0000] "GET /api/scans/4a656ec4-7f09-4e5b-a063-512340147810 HTTP/1.1" 304 0 "-" "Mozilla/5.0 (X11; Linux x86_64) AppleWebKit/537.36 (KHTML, like Gecko) Chrome/144.0.0.0 Safari/537.36 OPR/129.0.0.0"
154.186.80.167 - - [08/Mar/2026:11:56:16 +0000] "GET /api/scans/4a656ec4-7f09-4e5b-a063-512340147810 HTTP/1.1" 304 0 "-" "Mozilla/5.0 (X11; Linux x86_64) AppleWebKit/537.36 (KHTML, like Gecko) Chrome/144.0.0.0 Safari/537.36 OPR/129.0.0.0"
154.186.80.167 - - [08/Mar/2026:11:56:17 +0000] "GET /api/scans/4a656ec4-7f09-4e5b-a063-512340147810 HTTP/1.1" 304 0 "-" "Mozilla/5.0 (X11; Linux x86_64) AppleWebKit/537.36 (KHTML, like Gecko) Chrome/144.0.0.0 Safari/537.36 OPR/129.0.0.0"
154.186.80.167 - - [08/Mar/2026:11:56:19 +0000] "GET /api/scans/4a656ec4-7f09-4e5b-a063-512340147810 HTTP/1.1" 304 0 "-" "Mozilla/5.0 (X11; Linux x86_64) AppleWebKit/537.36 (KHTML, like Gecko) Chrome/144.0.0.0 Safari/537.36 OPR/129.0.0.0"
154.186.80.167 - - [08/Mar/2026:11:56:20 +0000] "GET /api/scans/4a656ec4-7f09-4e5b-a063-512340147810 HTTP/1.1" 304 0 "-" "Mozilla/5.0 (X11; Linux x86_64) AppleWebKit/537.36 (KHTML, like Gecko) Chrome/144.0.0.0 Safari/537.36 OPR/129.0.0.0"
154.186.80.167 - - [08/Mar/2026:11:56:21 +0000] "GET /api/scans/4a656ec4-7f09-4e5b-a063-512340147810 HTTP/1.1" 304 0 "-" "Mozilla/5.0 (X11; Linux x86_64) AppleWebKit/537.36 (KHTML, like Gecko) Chrome/144.0.0.0 Safari/537.36 OPR/129.0.0.0"
154.186.80.167 - - [08/Mar/2026:11:56:23 +0000] "GET /api/scans/4a656ec4-7f09-4e5b-a063-512340147810 HTTP/1.1" 304 0 "-" "Mozilla/5.0 (X11; Linux x86_64) AppleWebKit/537.36 (KHTML, like Gecko) Chrome/144.0.0.0 Safari/537.36 OPR/129.0.0.0"
154.186.80.167 - - [08/Mar/2026:11:56:24 +0000] "GET /api/scans/4a656ec4-7f09-4e5b-a063-512340147810 HTTP/1.1" 304 0 "-" "Mozilla/5.0 (X11; Linux x86_64) AppleWebKit/537.36 (KHTML, like Gecko) Chrome/144.0.0.0 Safari/537.36 OPR/129.0.0.0"
154.186.80.167 - - [08/Mar/2026:11:56:25 +0000] "GET /api/scans/4a656ec4-7f09-4e5b-a063-512340147810 HTTP/1.1" 304 0 "-" "Mozilla/5.0 (X11; Linux x86_64) AppleWebKit/537.36 (KHTML, like Gecko) Chrome/144.0.0.0 Safari/537.36 OPR/129.0.0.0"
154.186.80.167 - - [08/Mar/2026:11:56:26 +0000] "GET /api/scans/4a656ec4-7f09-4e5b-a063-512340147810 HTTP/1.1" 304 0 "-" "Mozilla/5.0 (X11; Linux x86_64) AppleWebKit/537.36 (KHTML, like Gecko) Chrome/144.0.0.0 Safari/537.36 OPR/129.0.0.0"
154.186.80.167 - - [08/Mar/2026:11:56:28 +0000] "GET /api/scans/4a656ec4-7f09-4e5b-a063-512340147810 HTTP/1.1" 304 0 "-" "Mozilla/5.0 (X11; Linux x86_64) AppleWebKit/537.36 (KHTML, like Gecko) Chrome/144.0.0.0 Safari/537.36 OPR/129.0.0.0"
154.186.80.167 - - [08/Mar/2026:11:56:29 +0000] "GET /api/scans/4a656ec4-7f09-4e5b-a063-512340147810 HTTP/1.1" 304 0 "-" "Mozilla/5.0 (X11; Linux x86_64) AppleWebKit/537.36 (KHTML, like Gecko) Chrome/144.0.0.0 Safari/537.36 OPR/129.0.0.0"
154.186.80.167 - - [08/Mar/2026:11:56:30 +0000] "GET /api/scans/4a656ec4-7f09-4e5b-a063-512340147810 HTTP/1.1" 304 0 "-" "Mozilla/5.0 (X11; Linux x86_64) AppleWebKit/537.36 (KHTML, like Gecko) Chrome/144.0.0.0 Safari/537.36 OPR/129.0.0.0"
154.186.80.167 - - [08/Mar/2026:11:56:32 +0000] "GET /api/scans/4a656ec4-7f09-4e5b-a063-512340147810 HTTP/1.1" 304 0 "-" "Mozilla/5.0 (X11; Linux x86_64) AppleWebKit/537.36 (KHTML, like Gecko) Chrome/144.0.0.0 Safari/537.36 OPR/129.0.0.0"
154.186.80.167 - - [08/Mar/2026:11:56:33 +0000] "GET /api/scans/4a656ec4-7f09-4e5b-a063-512340147810 HTTP/1.1" 304 0 "-" "Mozilla/5.0 (X11; Linux x86_64) AppleWebKit/537.36 (KHTML, like Gecko) Chrome/144.0.0.0 Safari/537.36 OPR/129.0.0.0"
154.186.80.167 - - [08/Mar/2026:11:56:34 +0000] "GET /api/scans/4a656ec4-7f09-4e5b-a063-512340147810 HTTP/1.1" 304 0 "-" "Mozilla/5.0 (X11; Linux x86_64) AppleWebKit/537.36 (KHTML, like Gecko) Chrome/144.0.0.0 Safari/537.36 OPR/129.0.0.0"
154.186.80.167 - - [08/Mar/2026:11:56:35 +0000] "GET /api/scans/4a656ec4-7f09-4e5b-a063-512340147810 HTTP/1.1" 304 0 "-" "Mozilla/5.0 (X11; Linux x86_64) AppleWebKit/537.36 (KHTML, like Gecko) Chrome/144.0.0.0 Safari/537.36 OPR/129.0.0.0"
154.186.80.167 - - [08/Mar/2026:11:56:37 +0000] "GET /api/scans/4a656ec4-7f09-4e5b-a063-512340147810 HTTP/1.1" 304 0 "-" "Mozilla/5.0 (X11; Linux x86_64) AppleWebKit/537.36 (KHTML, like Gecko) Chrome/144.0.0.0 Safari/537.36 OPR/129.0.0.0"
154.186.80.167 - - [08/Mar/2026:11:56:38 +0000] "GET /api/scans/4a656ec4-7f09-4e5b-a063-512340147810 HTTP/1.1" 304 0 "-" "Mozilla/5.0 (X11; Linux x86_64) AppleWebKit/537.36 (KHTML, like Gecko) Chrome/144.0.0.0 Safari/537.36 OPR/129.0.0.0"
154.186.80.167 - - [08/Mar/2026:11:56:39 +0000] "GET /api/scans/4a656ec4-7f09-4e5b-a063-512340147810 HTTP/1.1" 304 0 "-" "Mozilla/5.0 (X11; Linux x86_64) AppleWebKit/537.36 (KHTML, like Gecko) Chrome/144.0.0.0 Safari/537.36 OPR/129.0.0.0"
154.186.80.167 - - [08/Mar/2026:11:56:41 +0000] "GET /api/scans/4a656ec4-7f09-4e5b-a063-512340147810 HTTP/1.1" 200 368 "-" "Mozilla/5.0 (X11; Linux x86_64) AppleWebKit/537.36 (KHTML, like Gecko) Chrome/144.0.0.0 Safari/537.36 OPR/129.0.0.0"
154.186.80.167 - - [08/Mar/2026:11:56:42 +0000] "GET /api/scans/4a656ec4-7f09-4e5b-a063-512340147810 HTTP/1.1" 304 0 "-" "Mozilla/5.0 (X11; Linux x86_64) AppleWebKit/537.36 (KHTML, like Gecko) Chrome/144.0.0.0 Safari/537.36 OPR/129.0.0.0"
154.186.80.167 - - [08/Mar/2026:11:57:44 +0000] "GET /api/scans/4a656ec4-7f09-4e5b-a063-512340147810 HTTP/1.1" 504 569 "-" "Mozilla/5.0 (X11; Linux x86_64) AppleWebKit/537.36 (KHTML, like Gecko) Chrome/144.0.0.0 Safari/537.36 OPR/129.0.0.0"
154.186.80.167 - - [08/Mar/2026:11:58:46 +0000] "GET /api/scans/4a656ec4-7f09-4e5b-a063-512340147810 HTTP/1.1" 504 569 "-" "Mozilla/5.0 (X11; Linux x86_64) AppleWebKit/537.36 (KHTML, like Gecko) Chrome/144.0.0.0 Safari/537.36 OPR/129.0.0.0"
154.186.80.167 - - [08/Mar/2026:11:58:52 +0000] "GET /api/scans/4a656ec4-7f09-4e5b-a063-512340147810 HTTP/1.1" 200 368 "-" "Mozilla/5.0 (X11; Linux x86_64) AppleWebKit/537.36 (KHTML, like Gecko) Chrome/144.0.0.0 Safari/537.36 OPR/129.0.0.0"
154.186.80.167 - - [08/Mar/2026:11:58:55 +0000] "GET /api/scans/4a656ec4-7f09-4e5b-a063-512340147810 HTTP/1.1" 200 368 "-" "Mozilla/5.0 (X11; Linux x86_64) AppleWebKit/537.36 (KHTML, like Gecko) Chrome/144.0.0.0 Safari/537.36 OPR/129.0.0.0"
154.186.80.167 - - [08/Mar/2026:11:58:59 +0000] "GET /api/scans/4a656ec4-7f09-4e5b-a063-512340147810 HTTP/1.1" 304 0 "-" "Mozilla/5.0 (X11; Linux x86_64) AppleWebKit/537.36 (KHTML, like Gecko) Chrome/144.0.0.0 Safari/537.36 OPR/129.0.0.0"
154.186.80.167 - - [08/Mar/2026:11:59:13 +0000] "GET /api/scans/4a656ec4-7f09-4e5b-a063-512340147810 HTTP/1.1" 304 0 "-" "Mozilla/5.0 (X11; Linux x86_64) AppleWebKit/537.36 (KHTML, like Gecko) Chrome/144.0.0.0 Safari/537.36 OPR/129.0.0.0"
154.186.80.167 - - [08/Mar/2026:12:00:02 +0000] "GET /api/scans/4a656ec4-7f09-4e5b-a063-512340147810 HTTP/1.1" 304 0 "-" "Mozilla/5.0 (X11; Linux x86_64) AppleWebKit/537.36 (KHTML, like Gecko) Chrome/144.0.0.0 Safari/537.36 OPR/129.0.0.0"
154.186.80.167 - - [08/Mar/2026:12:01:04 +0000] "GET /api/scans/4a656ec4-7f09-4e5b-a063-512340147810 HTTP/1.1" 504 569 "-" "Mozilla/5.0 (X11; Linux x86_64) AppleWebKit/537.36 (KHTML, like Gecko) Chrome/144.0.0.0 Safari/537.36 OPR/129.0.0.0"
197.150.160.198 - - [08/Mar/2026:12:01:14 +0000] "GET / HTTP/1.1" 499 0 "-" "Mozilla/5.0 (Linux; Android 10; K) AppleWebKit/537.36 (KHTML, like Gecko) Chrome/143.0.0.0 Mobile Safari/537.36"
197.150.160.198 - - [08/Mar/2026:12:01:17 +0000] "GET / HTTP/1.1" 499 0 "-" "Mozilla/5.0 (Linux; Android 10; K) AppleWebKit/537.36 (KHTML, like Gecko) Chrome/143.0.0.0 Mobile Safari/537.36"
154.186.80.167 - - [08/Mar/2026:12:02:16 +0000] "GET /api/scans/4a656ec4-7f09-4e5b-a063-512340147810 HTTP/1.1" 504 569 "-" "Mozilla/5.0 (X11; Linux x86_64) AppleWebKit/537.36 (KHTML, like Gecko) Chrome/144.0.0.0 Safari/537.36 OPR/129.0.0.0"
197.150.160.198 - - [08/Mar/2026:12:02:17 +0000] "GET / HTTP/1.1" 504 569 "-" "Mozilla/5.0 (Linux; Android 10; K) AppleWebKit/537.36 (KHTML, like Gecko) Chrome/143.0.0.0 Mobile Safari/537.36"
154.186.80.167 - - [08/Mar/2026:12:03:18 +0000] "GET /api/scans/4a656ec4-7f09-4e5b-a063-512340147810 HTTP/1.1" 504 569 "-" "Mozilla/5.0 (X11; Linux x86_64) AppleWebKit/537.36 (KHTML, like Gecko) Chrome/144.0.0.0 Safari/537.36 OPR/129.0.0.0"
197.150.160.198 - - [08/Mar/2026:12:03:19 +0000] "GET /favicon.ico HTTP/1.1" 504 569 "http://35.87.145.4/" "Mozilla/5.0 (Linux; Android 10; K) AppleWebKit/537.36 (KHTML, like Gecko) Chrome/143.0.0.0 Mobile Safari/537.36"
154.186.80.167 - - [08/Mar/2026:12:04:20 +0000] "GET /api/scans/4a656ec4-7f09-4e5b-a063-512340147810 HTTP/1.1" 504 569 "-" "Mozilla/5.0 (X11; Linux x86_64) AppleWebKit/537.36 (KHTML, like Gecko) Chrome/144.0.0.0 Safari/537.36 OPR/129.0.0.0"
154.186.80.167 - - [08/Mar/2026:12:05:22 +0000] "GET /api/scans/4a656ec4-7f09-4e5b-a063-512340147810 HTTP/1.1" 504 569 "-" "Mozilla/5.0 (X11; Linux x86_64) AppleWebKit/537.36 (KHTML, like Gecko) Chrome/144.0.0.0 Safari/537.36 OPR/129.0.0.0"
154.186.80.167 - - [08/Mar/2026:12:06:27 +0000] "GET /api/scans/4a656ec4-7f09-4e5b-a063-512340147810 HTTP/1.1" 504 0 "-" "Mozilla/5.0 (X11; Linux x86_64) AppleWebKit/537.36 (KHTML, like Gecko) Chrome/144.0.0.0 Safari/537.36 OPR/129.0.0.0"
154.186.80.167 - - [08/Mar/2026:12:10:02 +0000] "GET /api/scans/4a656ec4-7f09-4e5b-a063-512340147810 HTTP/1.1" 499 0 "-" "Mozilla/5.0 (X11; Linux x86_64) AppleWebKit/537.36 (KHTML, like Gecko) Chrome/144.0.0.0 Safari/537.36 OPR/129.0.0.0"
154.186.80.167 - - [08/Mar/2026:12:16:02 +0000] "GET /api/scans/4a656ec4-7f09-4e5b-a063-512340147810 HTTP/1.1" 504 569 "-" "Mozilla/5.0 (X11; Linux x86_64) AppleWebKit/537.36 (KHTML, like Gecko) Chrome/144.0.0.0 Safari/537.36 OPR/129.0.0.0"
154.186.80.167 - - [08/Mar/2026:12:23:02 +0000] "POST /api/scans/4a656ec4-7f09-4e5b-a063-512340147810/cancel HTTP/1.1" 499 0 "-" "Mozilla/5.0 (X11; Linux x86_64) AppleWebKit/537.36 (KHTML, like Gecko) Chrome/144.0.0.0 Safari/537.36 OPR/129.0.0.0"
154.186.80.167 - - [08/Mar/2026:12:25:13 +0000] "GET /api/scans/4a656ec4-7f09-4e5b-a063-512340147810 HTTP/1.1" 499 0 "-" "Mozilla/5.0 (X11; Linux x86_64) AppleWebKit/537.36 (KHTML, like Gecko) Chrome/144.0.0.0 Safari/537.36 OPR/129.0.0.0"
154.186.80.167 - - [08/Mar/2026:12:23:02 +0000] "GET /scan HTTP/1.1" 499 0 "-" "Mozilla/5.0 (X11; Linux x86_64) AppleWebKit/537.36 (KHTML, like Gecko) Chrome/144.0.0.0 Safari/537.36 OPR/129.0.0.0"
154.186.80.167 - - [08/Mar/2026:12:28:02 +0000] "GET /scan HTTP/1.1" 499 0 "-" "Mozilla/5.0 (X11; Linux x86_64) AppleWebKit/537.36 (KHTML, like Gecko) Chrome/144.0.0.0 Safari/537.36 OPR/129.0.0.0"
154.186.80.167 - - [08/Mar/2026:12:30:02 +0000] "GET /scan HTTP/1.1" 499 0 "-" "Mozilla/5.0 (X11; Linux x86_64) AppleWebKit/537.36 (KHTML, like Gecko) Chrome/144.0.0.0 Safari/537.36 OPR/129.0.0.0"
172.18.0.1 - - [08/Mar/2026:13:03:03 +0000] "GET / HTTP/1.1" 502 157 "-" "curl/8.5.0"
35.94.234.39 - - [08/Mar/2026:13:09:26 +0000] "GET / HTTP/1.1" 502 157 "-" "curl/8.5.0"
80.82.70.133 - - [08/Mar/2026:13:12:25 +0000] "GET / HTTP/1.0" 502 559 "-" "Mozilla/5.0 (Macintosh; Intel Mac OS X 10_14_4) AppleWebKit/537.36 (KHTML, like Gecko) Chrome/72.0.3626.121 Safari/537.36"
35.94.234.39 - - [08/Mar/2026:13:15:38 +0000] "GET / HTTP/1.1" 502 157 "-" "curl/8.5.0"
87.121.84.76 - - [08/Mar/2026:13:22:44 +0000] "GET / HTTP/1.1" 200 2283 "-" "Mozilla/5.0"
172.18.0.1 - - [08/Mar/2026:13:29:07 +0000] "GET / HTTP/1.1" 200 2283 "-" "curl/8.5.0"
20.0.0.11 - - [08/Mar/2026:13:29:07 +0000] "GET / HTTP/1.1" 200 2283 "-" "curl/8.5.0"
35.94.234.39 - - [08/Mar/2026:13:31:12 +0000] "GET / HTTP/1.1" 200 2283 "-" "curl/8.5.0"
35.94.234.39 - - [08/Mar/2026:13:32:32 +0000] "GET / HTTP/1.1" 200 2283 "-" "curl/8.5.0"
35.94.234.39 - - [08/Mar/2026:13:34:36 +0000] "GET / HTTP/1.1" 200 2283 "-" "curl/8.5.0"
35.94.234.39 - - [08/Mar/2026:13:38:33 +0000] "GET / HTTP/1.1" 200 2283 "-" "curl/8.5.0"
156.221.24.149 - - [08/Mar/2026:13:41:39 +0000] "GET / HTTP/1.1" 200 2283 "-" "Mozilla/5.0 (Windows NT 10.0; Win64; x64) AppleWebKit/537.36 (KHTML, like Gecko) Chrome/145.0.0.0 Safari/537.36"
156.221.24.149 - - [08/Mar/2026:13:41:39 +0000] "GET /assets/index-6ZA_M27X.css HTTP/1.1" 200 76535 "-" "Mozilla/5.0 (Windows NT 10.0; Win64; x64) AppleWebKit/537.36 (KHTML, like Gecko) Chrome/145.0.0.0 Safari/537.36"
156.221.24.149 - - [08/Mar/2026:13:41:41 +0000] "GET /assets/index-DIispY9m.js HTTP/1.1" 200 1088571 "-" "Mozilla/5.0 (Windows NT 10.0; Win64; x64) AppleWebKit/537.36 (KHTML, like Gecko) Chrome/145.0.0.0 Safari/537.36"
156.221.24.149 - - [08/Mar/2026:13:41:43 +0000] "GET /api/auth/me HTTP/1.1" 401 29 "-" "Mozilla/5.0 (Windows NT 10.0; Win64; x64) AppleWebKit/537.36 (KHTML, like Gecko) Chrome/145.0.0.0 Safari/537.36"
156.221.24.149 - - [08/Mar/2026:13:41:43 +0000] "GET /favicon.png HTTP/1.1" 200 1145 "-" "Mozilla/5.0 (Windows NT 10.0; Win64; x64) AppleWebKit/537.36 (KHTML, like Gecko) Chrome/145.0.0.0 Safari/537.36"
156.221.24.149 - - [08/Mar/2026:13:42:19 +0000] "GET / HTTP/1.1" 304 0 "-" "Mozilla/5.0 (Windows NT 10.0; Win64; x64) AppleWebKit/537.36 (KHTML, like Gecko) Chrome/145.0.0.0 Safari/537.36"
156.221.24.149 - - [08/Mar/2026:13:42:19 +0000] "GET /api/auth/me HTTP/1.1" 401 29 "-" "Mozilla/5.0 (Windows NT 10.0; Win64; x64) AppleWebKit/537.36 (KHTML, like Gecko) Chrome/145.0.0.0 Safari/537.36"
156.221.24.149 - - [08/Mar/2026:13:42:28 +0000] "POST /api/auth/login HTTP/1.1" 200 276 "-" "Mozilla/5.0 (Windows NT 10.0; Win64; x64) AppleWebKit/537.36 (KHTML, like Gecko) Chrome/145.0.0.0 Safari/537.36"
156.221.24.149 - - [08/Mar/2026:13:42:29 +0000] "GET /api/auth/me HTTP/1.1" 200 73 "-" "Mozilla/5.0 (Windows NT 10.0; Win64; x64) AppleWebKit/537.36 (KHTML, like Gecko) Chrome/145.0.0.0 Safari/537.36"
156.221.24.149 - - [08/Mar/2026:13:42:29 +0000] "GET /api/dashboard HTTP/1.1" 200 1878 "-" "Mozilla/5.0 (Windows NT 10.0; Win64; x64) AppleWebKit/537.36 (KHTML, like Gecko) Chrome/145.0.0.0 Safari/537.36"
156.221.24.149 - - [08/Mar/2026:13:42:29 +0000] "GET /api/vulnerabilities HTTP/1.1" 200 14923 "-" "Mozilla/5.0 (Windows NT 10.0; Win64; x64) AppleWebKit/537.36 (KHTML, like Gecko) Chrome/145.0.0.0 Safari/537.36"
156.221.24.149 - - [08/Mar/2026:13:42:29 +0000] "GET /api/scans/recent?limit=5 HTTP/1.1" 200 1442 "-" "Mozilla/5.0 (Windows NT 10.0; Win64; x64) AppleWebKit/537.36 (KHTML, like Gecko) Chrome/145.0.0.0 Safari/537.36"
156.221.24.149 - - [08/Mar/2026:13:43:48 +0000] "GET / HTTP/1.1" 304 0 "-" "Mozilla/5.0 (Windows NT 10.0; Win64; x64) AppleWebKit/537.36 (KHTML, like Gecko) Chrome/145.0.0.0 Safari/537.36"
156.221.24.149 - - [08/Mar/2026:13:43:49 +0000] "GET /api/auth/me HTTP/1.1" 304 0 "-" "Mozilla/5.0 (Windows NT 10.0; Win64; x64) AppleWebKit/537.36 (KHTML, like Gecko) Chrome/145.0.0.0 Safari/537.36"
156.221.24.149 - - [08/Mar/2026:13:43:49 +0000] "GET /favicon.png HTTP/1.1" 304 0 "-" "Mozilla/5.0 (Windows NT 10.0; Win64; x64) AppleWebKit/537.36 (KHTML, like Gecko) Chrome/145.0.0.0 Safari/537.36"
156.221.24.149 - - [08/Mar/2026:13:43:49 +0000] "GET /api/dashboard HTTP/1.1" 200 1878 "-" "Mozilla/5.0 (Windows NT 10.0; Win64; x64) AppleWebKit/537.36 (KHTML, like Gecko) Chrome/145.0.0.0 Safari/537.36"
156.221.24.149 - - [08/Mar/2026:13:43:49 +0000] "GET /api/vulnerabilities HTTP/1.1" 304 0 "-" "Mozilla/5.0 (Windows NT 10.0; Win64; x64) AppleWebKit/537.36 (KHTML, like Gecko) Chrome/145.0.0.0 Safari/537.36"
156.221.24.149 - - [08/Mar/2026:13:43:49 +0000] "GET /api/scans/recent?limit=5 HTTP/1.1" 304 0 "-" "Mozilla/5.0 (Windows NT 10.0; Win64; x64) AppleWebKit/537.36 (KHTML, like Gecko) Chrome/145.0.0.0 Safari/537.36"
156.221.24.149 - - [08/Mar/2026:13:43:52 +0000] "POST /api/auth/logout HTTP/1.1" 200 16 "-" "Mozilla/5.0 (Windows NT 10.0; Win64; x64) AppleWebKit/537.36 (KHTML, like Gecko) Chrome/145.0.0.0 Safari/537.36"
156.221.24.149 - - [08/Mar/2026:13:44:06 +0000] "GET / HTTP/1.1" 304 0 "-" "Mozilla/5.0 (Windows NT 10.0; Win64; x64) AppleWebKit/537.36 (KHTML, like Gecko) Chrome/145.0.0.0 Safari/537.36"
156.221.24.149 - - [08/Mar/2026:13:44:06 +0000] "GET /api/auth/me HTTP/1.1" 401 29 "-" "Mozilla/5.0 (Windows NT 10.0; Win64; x64) AppleWebKit/537.36 (KHTML, like Gecko) Chrome/145.0.0.0 Safari/537.36"
156.221.24.149 - - [08/Mar/2026:13:44:19 +0000] "POST /api/auth/login HTTP/1.1" 200 276 "-" "Mozilla/5.0 (Windows NT 10.0; Win64; x64) AppleWebKit/537.36 (KHTML, like Gecko) Chrome/145.0.0.0 Safari/537.36"
156.221.24.149 - - [08/Mar/2026:13:44:19 +0000] "GET /api/auth/me HTTP/1.1" 304 0 "-" "Mozilla/5.0 (Windows NT 10.0; Win64; x64) AppleWebKit/537.36 (KHTML, like Gecko) Chrome/145.0.0.0 Safari/537.36"
156.221.24.149 - - [08/Mar/2026:13:44:19 +0000] "GET /api/dashboard HTTP/1.1" 200 1878 "-" "Mozilla/5.0 (Windows NT 10.0; Win64; x64) AppleWebKit/537.36 (KHTML, like Gecko) Chrome/145.0.0.0 Safari/537.36"
156.221.24.149 - - [08/Mar/2026:13:44:19 +0000] "GET /api/scans/recent?limit=5 HTTP/1.1" 304 0 "-" "Mozilla/5.0 (Windows NT 10.0; Win64; x64) AppleWebKit/537.36 (KHTML, like Gecko) Chrome/145.0.0.0 Safari/537.36"
156.221.24.149 - - [08/Mar/2026:13:44:19 +0000] "GET /api/vulnerabilities HTTP/1.1" 304 0 "-" "Mozilla/5.0 (Windows NT 10.0; Win64; x64) AppleWebKit/537.36 (KHTML, like Gecko) Chrome/145.0.0.0 Safari/537.36"
156.221.24.149 - - [08/Mar/2026:13:44:23 +0000] "GET /api/settings HTTP/1.1" 200 31 "-" "Mozilla/5.0 (Windows NT 10.0; Win64; x64) AppleWebKit/537.36 (KHTML, like Gecko) Chrome/145.0.0.0 Safari/537.36"
156.221.24.149 - - [08/Mar/2026:13:44:26 +0000] "PATCH /api/settings HTTP/1.1" 404 30 "-" "Mozilla/5.0 (Windows NT 10.0; Win64; x64) AppleWebKit/537.36 (KHTML, like Gecko) Chrome/145.0.0.0 Safari/537.36"
156.221.24.149 - - [08/Mar/2026:13:44:48 +0000] "POST /api/scans HTTP/1.1" 201 319 "-" "Mozilla/5.0 (Windows NT 10.0; Win64; x64) AppleWebKit/537.36 (KHTML, like Gecko) Chrome/145.0.0.0 Safari/537.36"
156.221.24.149 - - [08/Mar/2026:13:44:48 +0000] "GET /api/scans/64641e9c-3291-4842-b43f-126b411fe94c HTTP/1.1" 200 362 "-" "Mozilla/5.0 (Windows NT 10.0; Win64; x64) AppleWebKit/537.36 (KHTML, like Gecko) Chrome/145.0.0.0 Safari/537.36"
156.221.24.149 - - [08/Mar/2026:13:44:49 +0000] "GET /api/scans/64641e9c-3291-4842-b43f-126b411fe94c HTTP/1.1" 200 362 "-" "Mozilla/5.0 (Windows NT 10.0; Win64; x64) AppleWebKit/537.36 (KHTML, like Gecko) Chrome/145.0.0.0 Safari/537.36"
156.221.24.149 - - [08/Mar/2026:13:44:51 +0000] "GET /api/scans/64641e9c-3291-4842-b43f-126b411fe94c HTTP/1.1" 200 362 "-" "Mozilla/5.0 (Windows NT 10.0; Win64; x64) AppleWebKit/537.36 (KHTML, like Gecko) Chrome/145.0.0.0 Safari/537.36"
156.221.24.149 - - [08/Mar/2026:13:44:52 +0000] "GET /api/scans/64641e9c-3291-4842-b43f-126b411fe94c HTTP/1.1" 200 363 "-" "Mozilla/5.0 (Windows NT 10.0; Win64; x64) AppleWebKit/537.36 (KHTML, like Gecko) Chrome/145.0.0.0 Safari/537.36"
156.221.24.149 - - [08/Mar/2026:13:44:53 +0000] "GET /api/scans/64641e9c-3291-4842-b43f-126b411fe94c HTTP/1.1" 200 363 "-" "Mozilla/5.0 (Windows NT 10.0; Win64; x64) AppleWebKit/537.36 (KHTML, like Gecko) Chrome/145.0.0.0 Safari/537.36"
156.221.24.149 - - [08/Mar/2026:13:44:54 +0000] "GET /api/scans/64641e9c-3291-4842-b43f-126b411fe94c HTTP/1.1" 200 363 "-" "Mozilla/5.0 (Windows NT 10.0; Win64; x64) AppleWebKit/537.36 (KHTML, like Gecko) Chrome/145.0.0.0 Safari/537.36"
156.221.24.149 - - [08/Mar/2026:13:44:56 +0000] "GET /api/scans/64641e9c-3291-4842-b43f-126b411fe94c HTTP/1.1" 304 0 "-" "Mozilla/5.0 (Windows NT 10.0; Win64; x64) AppleWebKit/537.36 (KHTML, like Gecko) Chrome/145.0.0.0 Safari/537.36"
156.221.24.149 - - [08/Mar/2026:13:44:57 +0000] "GET /api/scans/64641e9c-3291-4842-b43f-126b411fe94c HTTP/1.1" 304 0 "-" "Mozilla/5.0 (Windows NT 10.0; Win64; x64) AppleWebKit/537.36 (KHTML, like Gecko) Chrome/145.0.0.0 Safari/537.36"
156.221.24.149 - - [08/Mar/2026:13:44:58 +0000] "GET /api/scans/64641e9c-3291-4842-b43f-126b411fe94c HTTP/1.1" 304 0 "-" "Mozilla/5.0 (Windows NT 10.0; Win64; x64) AppleWebKit/537.36 (KHTML, like Gecko) Chrome/145.0.0.0 Safari/537.36"
156.221.24.149 - - [08/Mar/2026:13:44:59 +0000] "GET /api/scans/64641e9c-3291-4842-b43f-126b411fe94c HTTP/1.1" 304 0 "-" "Mozilla/5.0 (Windows NT 10.0; Win64; x64) AppleWebKit/537.36 (KHTML, like Gecko) Chrome/145.0.0.0 Safari/537.36"
156.221.24.149 - - [08/Mar/2026:13:45:00 +0000] "GET /api/scans/64641e9c-3291-4842-b43f-126b411fe94c HTTP/1.1" 304 0 "-" "Mozilla/5.0 (Windows NT 10.0; Win64; x64) AppleWebKit/537.36 (KHTML, like Gecko) Chrome/145.0.0.0 Safari/537.36"
156.221.24.149 - - [08/Mar/2026:13:45:02 +0000] "GET /api/scans/64641e9c-3291-4842-b43f-126b411fe94c HTTP/1.1" 304 0 "-" "Mozilla/5.0 (Windows NT 10.0; Win64; x64) AppleWebKit/537.36 (KHTML, like Gecko) Chrome/145.0.0.0 Safari/537.36"
156.221.24.149 - - [08/Mar/2026:13:45:03 +0000] "GET /api/scans/64641e9c-3291-4842-b43f-126b411fe94c HTTP/1.1" 304 0 "-" "Mozilla/5.0 (Windows NT 10.0; Win64; x64) AppleWebKit/537.36 (KHTML, like Gecko) Chrome/145.0.0.0 Safari/537.36"
156.221.24.149 - - [08/Mar/2026:13:45:04 +0000] "GET /api/scans/64641e9c-3291-4842-b43f-126b411fe94c HTTP/1.1" 304 0 "-" "Mozilla/5.0 (Windows NT 10.0; Win64; x64) AppleWebKit/537.36 (KHTML, like Gecko) Chrome/145.0.0.0 Safari/537.36"
156.221.24.149 - - [08/Mar/2026:13:45:05 +0000] "GET /api/scans/64641e9c-3291-4842-b43f-126b411fe94c HTTP/1.1" 304 0 "-" "Mozilla/5.0 (Windows NT 10.0; Win64; x64) AppleWebKit/537.36 (KHTML, like Gecko) Chrome/145.0.0.0 Safari/537.36"
156.221.24.149 - - [08/Mar/2026:13:45:07 +0000] "GET /api/scans/64641e9c-3291-4842-b43f-126b411fe94c HTTP/1.1" 304 0 "-" "Mozilla/5.0 (Windows NT 10.0; Win64; x64) AppleWebKit/537.36 (KHTML, like Gecko) Chrome/145.0.0.0 Safari/537.36"
156.221.24.149 - - [08/Mar/2026:13:45:08 +0000] "GET /api/scans/64641e9c-3291-4842-b43f-126b411fe94c HTTP/1.1" 304 0 "-" "Mozilla/5.0 (Windows NT 10.0; Win64; x64) AppleWebKit/537.36 (KHTML, like Gecko) Chrome/145.0.0.0 Safari/537.36"
156.221.24.149 - - [08/Mar/2026:13:45:09 +0000] "GET /api/scans/64641e9c-3291-4842-b43f-126b411fe94c HTTP/1.1" 304 0 "-" "Mozilla/5.0 (Windows NT 10.0; Win64; x64) AppleWebKit/537.36 (KHTML, like Gecko) Chrome/145.0.0.0 Safari/537.36"
156.221.24.149 - - [08/Mar/2026:13:45:10 +0000] "GET /api/scans/64641e9c-3291-4842-b43f-126b411fe94c HTTP/1.1" 304 0 "-" "Mozilla/5.0 (Windows NT 10.0; Win64; x64) AppleWebKit/537.36 (KHTML, like Gecko) Chrome/145.0.0.0 Safari/537.36"
156.221.24.149 - - [08/Mar/2026:13:45:12 +0000] "GET /api/scans/64641e9c-3291-4842-b43f-126b411fe94c HTTP/1.1" 304 0 "-" "Mozilla/5.0 (Windows NT 10.0; Win64; x64) AppleWebKit/537.36 (KHTML, like Gecko) Chrome/145.0.0.0 Safari/537.36"
156.221.24.149 - - [08/Mar/2026:13:45:13 +0000] "GET /api/scans/64641e9c-3291-4842-b43f-126b411fe94c HTTP/1.1" 304 0 "-" "Mozilla/5.0 (Windows NT 10.0; Win64; x64) AppleWebKit/537.36 (KHTML, like Gecko) Chrome/145.0.0.0 Safari/537.36"
156.221.24.149 - - [08/Mar/2026:13:45:14 +0000] "GET /api/scans/64641e9c-3291-4842-b43f-126b411fe94c HTTP/1.1" 304 0 "-" "Mozilla/5.0 (Windows NT 10.0; Win64; x64) AppleWebKit/537.36 (KHTML, like Gecko) Chrome/145.0.0.0 Safari/537.36"
156.221.24.149 - - [08/Mar/2026:13:45:15 +0000] "GET /api/scans/64641e9c-3291-4842-b43f-126b411fe94c HTTP/1.1" 304 0 "-" "Mozilla/5.0 (Windows NT 10.0; Win64; x64) AppleWebKit/537.36 (KHTML, like Gecko) Chrome/145.0.0.0 Safari/537.36"
156.221.24.149 - - [08/Mar/2026:13:45:16 +0000] "GET /api/scans/64641e9c-3291-4842-b43f-126b411fe94c HTTP/1.1" 304 0 "-" "Mozilla/5.0 (Windows NT 10.0; Win64; x64) AppleWebKit/537.36 (KHTML, like Gecko) Chrome/145.0.0.0 Safari/537.36"
156.221.24.149 - - [08/Mar/2026:13:45:18 +0000] "GET /api/scans/64641e9c-3291-4842-b43f-126b411fe94c HTTP/1.1" 304 0 "-" "Mozilla/5.0 (Windows NT 10.0; Win64; x64) AppleWebKit/537.36 (KHTML, like Gecko) Chrome/145.0.0.0 Safari/537.36"
156.221.24.149 - - [08/Mar/2026:13:45:19 +0000] "GET /api/scans/64641e9c-3291-4842-b43f-126b411fe94c HTTP/1.1" 304 0 "-" "Mozilla/5.0 (Windows NT 10.0; Win64; x64) AppleWebKit/537.36 (KHTML, like Gecko) Chrome/145.0.0.0 Safari/537.36"
156.221.24.149 - - [08/Mar/2026:13:45:20 +0000] "GET /api/scans/64641e9c-3291-4842-b43f-126b411fe94c HTTP/1.1" 304 0 "-" "Mozilla/5.0 (Windows NT 10.0; Win64; x64) AppleWebKit/537.36 (KHTML, like Gecko) Chrome/145.0.0.0 Safari/537.36"
156.221.24.149 - - [08/Mar/2026:13:45:21 +0000] "GET /api/scans/64641e9c-3291-4842-b43f-126b411fe94c HTTP/1.1" 304 0 "-" "Mozilla/5.0 (Windows NT 10.0; Win64; x64) AppleWebKit/537.36 (KHTML, like Gecko) Chrome/145.0.0.0 Safari/537.36"
156.221.24.149 - - [08/Mar/2026:13:45:23 +0000] "GET /api/scans/64641e9c-3291-4842-b43f-126b411fe94c HTTP/1.1" 304 0 "-" "Mozilla/5.0 (Windows NT 10.0; Win64; x64) AppleWebKit/537.36 (KHTML, like Gecko) Chrome/145.0.0.0 Safari/537.36"
156.221.24.149 - - [08/Mar/2026:13:45:24 +0000] "GET /api/scans/64641e9c-3291-4842-b43f-126b411fe94c HTTP/1.1" 304 0 "-" "Mozilla/5.0 (Windows NT 10.0; Win64; x64) AppleWebKit/537.36 (KHTML, like Gecko) Chrome/145.0.0.0 Safari/537.36"
156.221.24.149 - - [08/Mar/2026:13:45:25 +0000] "GET /api/scans/64641e9c-3291-4842-b43f-126b411fe94c HTTP/1.1" 304 0 "-" "Mozilla/5.0 (Windows NT 10.0; Win64; x64) AppleWebKit/537.36 (KHTML, like Gecko) Chrome/145.0.0.0 Safari/537.36"
