172.18.0.1 - - [08/Mar/2026:11:30:25 +0000] "HEAD / HTTP/1.1" 200 0 "-" "curl/8.5.0"
172.18.0.1 - - [08/Mar/2026:11:30:42 +0000] "GET /api/health HTTP/1.1" 500 148 "-" "curl/8.5.0"
172.18.0.1 - - [08/Mar/2026:11:31:15 +0000] "GET /api/auth/me HTTP/1.1" 401 29 "-" "curl/8.5.0"
172.18.0.1 - - [08/Mar/2026:11:31:22 +0000] "GET /api/stats HTTP/1.1" 401 29 "-" "curl/8.5.0"
156.221.24.149 - - [08/Mar/2026:11:31:49 +0000] "GET / HTTP/1.1" 200 2283 "-" "Mozilla/5.0 (Windows NT 10.0; Win64; x64) AppleWebKit/537.36 (KHTML, like Gecko) Chrome/145.0.0.0 Safari/537.36"
156.221.24.149 - - [08/Mar/2026:11:31:49 +0000] "GET /assets/index-6ZA_M27X.css HTTP/1.1" 200 76535 "-" "Mozilla/5.0 (Windows NT 10.0; Win64; x64) AppleWebKit/537.36 (KHTML, like Gecko) Chrome/145.0.0.0 Safari/537.36"
156.221.24.149 - - [08/Mar/2026:11:31:55 +0000] "GET /assets/index-DIispY9m.js HTTP/1.1" 200 1088571 "-" "Mozilla/5.0 (Windows NT 10.0; Win64; x64) AppleWebKit/537.36 (KHTML, like Gecko) Chrome/145.0.0.0 Safari/537.36"
156.221.24.149 - - [08/Mar/2026:11:31:57 +0000] "GET /api/auth/me HTTP/1.1" 401 29 "-" "Mozilla/5.0 (Windows NT 10.0; Win64; x64) AppleWebKit/537.36 (KHTML, like Gecko) Chrome/145.0.0.0 Safari/537.36"
156.221.24.149 - - [08/Mar/2026:11:31:58 +0000] "GET /favicon.png HTTP/1.1" 200 1145 "-" "Mozilla/5.0 (Windows NT 10.0; Win64; x64) AppleWebKit/537.36 (KHTML, like Gecko) Chrome/145.0.0.0 Safari/537.36"
156.221.24.149 - - [08/Mar/2026:11:32:12 +0000] "POST /api/auth/signup HTTP/1.1" 400 35 "-" "Mozilla/5.0 (Windows NT 10.0; Win64; x64) AppleWebKit/537.36 (KHTML, like Gecko) Chrome/145.0.0.0 Safari/537.36"
156.221.24.149 - - [08/Mar/2026:11:32:19 +0000] "POST /api/auth/signup HTTP/1.1" 201 277 "-" "Mozilla/5.0 (Windows NT 10.0; Win64; x64) AppleWebKit/537.36 (KHTML, like Gecko) Chrome/145.0.0.0 Safari/537.36"
156.221.24.149 - - [08/Mar/2026:11:32:19 +0000] "GET /api/auth/me HTTP/1.1" 200 74 "-" "Mozilla/5.0 (Windows NT 10.0; Win64; x64) AppleWebKit/537.36 (KHTML, like Gecko) Chrome/145.0.0.0 Safari/537.36"
156.221.24.149 - - [08/Mar/2026:11:32:19 +0000] "GET /api/vulnerabilities HTTP/1.1" 200 2 "-" "Mozilla/5.0 (Windows NT 10.0; Win64; x64) AppleWebKit/537.36 (KHTML, like Gecko) Chrome/145.0.0.0 Safari/537.36"
156.221.24.149 - - [08/Mar/2026:11:32:19 +0000] "GET /api/dashboard HTTP/1.1" 200 438 "-" "Mozilla/5.0 (Windows NT 10.0; Win64; x64) AppleWebKit/537.36 (KHTML, like Gecko) Chrome/145.0.0.0 Safari/537.36"
156.221.24.149 - - [08/Mar/2026:11:32:19 +0000] "GET /api/scans/recent?limit=5 HTTP/1.1" 200 2 "-" "Mozilla/5.0 (Windows NT 10.0; Win64; x64) AppleWebKit/537.36 (KHTML, like Gecko) Chrome/145.0.0.0 Safari/537.36"
156.221.24.149 - - [08/Mar/2026:11:32:46 +0000] "GET /api/settings HTTP/1.1" 200 31 "-" "Mozilla/5.0 (Windows NT 10.0; Win64; x64) AppleWebKit/537.36 (KHTML, like Gecko) Chrome/145.0.0.0 Safari/537.36"
156.221.24.149 - - [08/Mar/2026:11:33:06 +0000] "POST /api/scans HTTP/1.1" 201 317 "-" "Mozilla/5.0 (Windows NT 10.0; Win64; x64) AppleWebKit/537.36 (KHTML, like Gecko) Chrome/145.0.0.0 Safari/537.36"
156.221.24.149 - - [08/Mar/2026:11:33:07 +0000] "GET /api/scans/196d6195-2e24-41a9-abcd-d16bc28063d8 HTTP/1.1" 200 360 "-" "Mozilla/5.0 (Windows NT 10.0; Win64; x64) AppleWebKit/537.36 (KHTML, like Gecko) Chrome/145.0.0.0 Safari/537.36"
156.221.24.149 - - [08/Mar/2026:11:33:08 +0000] "GET /api/scans/196d6195-2e24-41a9-abcd-d16bc28063d8 HTTP/1.1" 200 360 "-" "Mozilla/5.0 (Windows NT 10.0; Win64; x64) AppleWebKit/537.36 (KHTML, like Gecko) Chrome/145.0.0.0 Safari/537.36"
156.221.24.149 - - [08/Mar/2026:11:33:09 +0000] "GET /api/scans/196d6195-2e24-41a9-abcd-d16bc28063d8 HTTP/1.1" 200 360 "-" "Mozilla/5.0 (Windows NT 10.0; Win64; x64) AppleWebKit/537.36 (KHTML, like Gecko) Chrome/145.0.0.0 Safari/537.36"
156.221.24.149 - - [08/Mar/2026:11:33:10 +0000] "GET /api/scans/196d6195-2e24-41a9-abcd-d16bc28063d8 HTTP/1.1" 200 361 "-" "Mozilla/5.0 (Windows NT 10.0; Win64; x64) AppleWebKit/537.36 (KHTML, like Gecko) Chrome/145.0.0.0 Safari/537.36"
156.221.24.149 - - [08/Mar/2026:11:33:12 +0000] "GET /api/scans/196d6195-2e24-41a9-abcd-d16bc28063d8 HTTP/1.1" 200 361 "-" "Mozilla/5.0 (Windows NT 10.0; Win64; x64) AppleWebKit/537.36 (KHTML, like Gecko) Chrome/145.0.0.0 Safari/537.36"
156.221.24.149 - - [08/Mar/2026:11:33:13 +0000] "GET /api/scans/196d6195-2e24-41a9-abcd-d16bc28063d8 HTTP/1.1" 200 361 "-" "Mozilla/5.0 (Windows NT 10.0; Win64; x64) AppleWebKit/537.36 (KHTML, like Gecko) Chrome/145.0.0.0 Safari/537.36"
156.221.24.149 - - [08/Mar/2026:11:33:14 +0000] "GET /api/scans/196d6195-2e24-41a9-abcd-d16bc28063d8 HTTP/1.1" 200 361 "-" "Mozilla/5.0 (Windows NT 10.0; Win64; x64) AppleWebKit/537.36 (KHTML, like Gecko) Chrome/145.0.0.0 Safari/537.36"
156.221.24.149 - - [08/Mar/2026:11:33:15 +0000] "GET /api/scans/196d6195-2e24-41a9-abcd-d16bc28063d8 HTTP/1.1" 304 0 "-" "Mozilla/5.0 (Windows NT 10.0; Win64; x64) AppleWebKit/537.36 (KHTML, like Gecko) Chrome/145.0.0.0 Safari/537.36"
156.221.24.149 - - [08/Mar/2026:11:33:21 +0000] "GET /api/scans/196d6195-2e24-41a9-abcd-d16bc28063d8 HTTP/1.1" 200 361 "-" "Mozilla/5.0 (Windows NT 10.0; Win64; x64) AppleWebKit/537.36 (KHTML, like Gecko) Chrome/145.0.0.0 Safari/537.36"
156.221.24.149 - - [08/Mar/2026:11:33:23 +0000] "GET /api/scans/196d6195-2e24-41a9-abcd-d16bc28063d8 HTTP/1.1" 304 0 "-" "Mozilla/5.0 (Windows NT 10.0; Win64; x64) AppleWebKit/537.36 (KHTML, like Gecko) Chrome/145.0.0.0 Safari/537.36"
156.221.24.149 - - [08/Mar/2026:11:33:24 +0000] "GET /api/scans/196d6195-2e24-41a9-abcd-d16bc28063d8 HTTP/1.1" 304 0 "-" "Mozilla/5.0 (Windows NT 10.0; Win64; x64) AppleWebKit/537.36 (KHTML, like Gecko) Chrome/145.0.0.0 Safari/537.36"
156.221.24.149 - - [08/Mar/2026:11:33:25 +0000] "GET /api/scans/196d6195-2e24-41a9-abcd-d16bc28063d8 HTTP/1.1" 304 0 "-" "Mozilla/5.0 (Windows NT 10.0; Win64; x64) AppleWebKit/537.36 (KHTML, like Gecko) Chrome/145.0.0.0 Safari/537.36"
156.221.24.149 - - [08/Mar/2026:11:33:26 +0000] "GET /api/scans/196d6195-2e24-41a9-abcd-d16bc28063d8 HTTP/1.1" 304 0 "-" "Mozilla/5.0 (Windows NT 10.0; Win64; x64) AppleWebKit/537.36 (KHTML, like Gecko) Chrome/145.0.0.0 Safari/537.36"
156.221.24.149 - - [08/Mar/2026:11:33:28 +0000] "GET /api/scans/196d6195-2e24-41a9-abcd-d16bc28063d8 HTTP/1.1" 304 0 "-" "Mozilla/5.0 (Windows NT 10.0; Win64; x64) AppleWebKit/537.36 (KHTML, like Gecko) Chrome/145.0.0.0 Safari/537.36"
156.221.24.149 - - [08/Mar/2026:11:33:29 +0000] "GET /api/scans/196d6195-2e24-41a9-abcd-d16bc28063d8 HTTP/1.1" 304 0 "-" "Mozilla/5.0 (Windows NT 10.0; Win64; x64) AppleWebKit/537.36 (KHTML, like Gecko) Chrome/145.0.0.0 Safari/537.36"
156.221.24.149 - - [08/Mar/2026:11:33:30 +0000] "GET /api/scans/196d6195-2e24-41a9-abcd-d16bc28063d8 HTTP/1.1" 304 0 "-" "Mozilla/5.0 (Windows NT 10.0; Win64; x64) AppleWebKit/537.36 (KHTML, like Gecko) Chrome/145.0.0.0 Safari/537.36"
156.221.24.149 - - [08/Mar/2026:11:33:31 +0000] "GET /api/scans/196d6195-2e24-41a9-abcd-d16bc28063d8 HTTP/1.1" 304 0 "-" "Mozilla/5.0 (Windows NT 10.0; Win64; x64) AppleWebKit/537.36 (KHTML, like Gecko) Chrome/145.0.0.0 Safari/537.36"
156.221.24.149 - - [08/Mar/2026:11:33:33 +0000] "GET /api/scans/196d6195-2e24-41a9-abcd-d16bc28063d8 HTTP/1.1" 304 0 "-" "Mozilla/5.0 (Windows NT 10.0; Win64; x64) AppleWebKit/537.36 (KHTML, like Gecko) Chrome/145.0.0.0 Safari/537.36"
156.221.24.149 - - [08/Mar/2026:11:33:34 +0000] "GET /api/scans/196d6195-2e24-41a9-abcd-d16bc28063d8 HTTP/1.1" 200 361 "-" "Mozilla/5.0 (Windows NT 10.0; Win64; x64) AppleWebKit/537.36 (KHTML, like Gecko) Chrome/145.0.0.0 Safari/537.36"
156.221.24.149 - - [08/Mar/2026:11:33:35 +0000] "GET /api/scans/196d6195-2e24-41a9-abcd-d16bc28063d8 HTTP/1.1" 304 0 "-" "Mozilla/5.0 (Windows NT 10.0; Win64; x64) AppleWebKit/537.36 (KHTML, like Gecko) Chrome/145.0.0.0 Safari/537.36"
156.221.24.149 - - [08/Mar/2026:11:33:36 +0000] "GET /api/scans/196d6195-2e24-41a9-abcd-d16bc28063d8 HTTP/1.1" 304 0 "-" "Mozilla/5.0 (Windows NT 10.0; Win64; x64) AppleWebKit/537.36 (KHTML, like Gecko) Chrome/145.0.0.0 Safari/537.36"
156.221.24.149 - - [08/Mar/2026:11:33:37 +0000] "GET /api/scans/196d6195-2e24-41a9-abcd-d16bc28063d8 HTTP/1.1" 304 0 "-" "Mozilla/5.0 (Windows NT 10.0; Win64; x64) AppleWebKit/537.36 (KHTML, like Gecko) Chrome/145.0.0.0 Safari/537.36"
156.221.24.149 - - [08/Mar/2026:11:33:39 +0000] "GET /api/scans/196d6195-2e24-41a9-abcd-d16bc28063d8 HTTP/1.1" 304 0 "-" "Mozilla/5.0 (Windows NT 10.0; Win64; x64) AppleWebKit/537.36 (KHTML, like Gecko) Chrome/145.0.0.0 Safari/537.36"
156.221.24.149 - - [08/Mar/2026:11:33:40 +0000] "GET / HTTP/1.1" 200 2283 "-" "Mozilla/5.0 (Linux; Android 10; K) AppleWebKit/537.36 (KHTML, like Gecko) Chrome/145.0.0.0 Mobile Safari/537.36"
156.221.24.149 - - [08/Mar/2026:11:33:40 +0000] "GET /api/scans/196d6195-2e24-41a9-abcd-d16bc28063d8 HTTP/1.1" 304 0 "-" "Mozilla/5.0 (Windows NT 10.0; Win64; x64) AppleWebKit/537.36 (KHTML, like Gecko) Chrome/145.0.0.0 Safari/537.36"
156.221.24.149 - - [08/Mar/2026:11:33:40 +0000] "GET /assets/index-6ZA_M27X.css HTTP/1.1" 200 76535 "-" "Mozilla/5.0 (Linux; Android 10; K) AppleWebKit/537.36 (KHTML, like Gecko) Chrome/145.0.0.0 Mobile Safari/537.36"
156.221.24.149 - - [08/Mar/2026:11:33:41 +0000] "GET /assets/index-DIispY9m.js HTTP/1.1" 200 1088571 "-" "Mozilla/5.0 (Linux; Android 10; K) AppleWebKit/537.36 (KHTML, like Gecko) Chrome/145.0.0.0 Mobile Safari/537.36"
156.221.24.149 - - [08/Mar/2026:11:33:41 +0000] "GET /api/scans/196d6195-2e24-41a9-abcd-d16bc28063d8 HTTP/1.1" 304 0 "-" "Mozilla/5.0 (Windows NT 10.0; Win64; x64) AppleWebKit/537.36 (KHTML, like Gecko) Chrome/145.0.0.0 Safari/537.36"
156.221.24.149 - - [08/Mar/2026:11:33:43 +0000] "GET /api/scans/196d6195-2e24-41a9-abcd-d16bc28063d8 HTTP/1.1" 304 0 "-" "Mozilla/5.0 (Windows NT 10.0; Win64; x64) AppleWebKit/537.36 (KHTML, like Gecko) Chrome/145.0.0.0 Safari/537.36"
156.221.24.149 - - [08/Mar/2026:11:33:43 +0000] "GET /api/auth/me HTTP/1.1" 401 29 "-" "Mozilla/5.0 (Linux; Android 10; K) AppleWebKit/537.36 (KHTML, like Gecko) Chrome/145.0.0.0 Mobile Safari/537.36"
156.221.24.149 - - [08/Mar/2026:11:33:43 +0000] "GET /favicon.png HTTP/1.1" 200 1145 "-" "Mozilla/5.0 (Linux; Android 10; K) AppleWebKit/537.36 (KHTML, like Gecko) Chrome/145.0.0.0 Mobile Safari/537.36"
156.221.24.149 - - [08/Mar/2026:11:33:53 +0000] "GET /api/scans/196d6195-2e24-41a9-abcd-d16bc28063d8 HTTP/1.1" 304 0 "-" "Mozilla/5.0 (Windows NT 10.0; Win64; x64) AppleWebKit/537.36 (KHTML, like Gecko) Chrome/145.0.0.0 Safari/537.36"
156.221.24.149 - - [08/Mar/2026:11:34:39 +0000] "GET /api/scans/196d6195-2e24-41a9-abcd-d16bc28063d8 HTTP/1.1" 502 559 "-" "Mozilla/5.0 (Windows NT 10.0; Win64; x64) AppleWebKit/537.36 (KHTML, like Gecko) Chrome/145.0.0.0 Safari/537.36"
156.221.24.149 - - [08/Mar/2026:11:34:41 +0000] "GET /api/scans/196d6195-2e24-41a9-abcd-d16bc28063d8 HTTP/1.1" 502 559 "-" "Mozilla/5.0 (Windows NT 10.0; Win64; x64) AppleWebKit/537.36 (KHTML, like Gecko) Chrome/145.0.0.0 Safari/537.36"
156.221.24.149 - - [08/Mar/2026:11:34:43 +0000] "GET /api/scans/196d6195-2e24-41a9-abcd-d16bc28063d8 HTTP/1.1" 502 559 "-" "Mozilla/5.0 (Windows NT 10.0; Win64; x64) AppleWebKit/537.36 (KHTML, like Gecko) Chrome/145.0.0.0 Safari/537.36"
156.221.24.149 - - [08/Mar/2026:11:34:44 +0000] "GET /api/scans/196d6195-2e24-41a9-abcd-d16bc28063d8 HTTP/1.1" 502 559 "-" "Mozilla/5.0 (Windows NT 10.0; Win64; x64) AppleWebKit/537.36 (KHTML, like Gecko) Chrome/145.0.0.0 Safari/537.36"
156.221.24.149 - - [08/Mar/2026:11:34:45 +0000] "GET /api/scans/196d6195-2e24-41a9-abcd-d16bc28063d8 HTTP/1.1" 502 559 "-" "Mozilla/5.0 (Windows NT 10.0; Win64; x64) AppleWebKit/537.36 (KHTML, like Gecko) Chrome/145.0.0.0 Safari/537.36"
156.221.24.149 - - [08/Mar/2026:11:34:47 +0000] "GET /api/scans/196d6195-2e24-41a9-abcd-d16bc28063d8 HTTP/1.1" 502 559 "-" "Mozilla/5.0 (Windows NT 10.0; Win64; x64) AppleWebKit/537.36 (KHTML, like Gecko) Chrome/145.0.0.0 Safari/537.36"
156.221.24.149 - - [08/Mar/2026:11:34:48 +0000] "GET /api/scans/196d6195-2e24-41a9-abcd-d16bc28063d8 HTTP/1.1" 502 559 "-" "Mozilla/5.0 (Windows NT 10.0; Win64; x64) AppleWebKit/537.36 (KHTML, like Gecko) Chrome/145.0.0.0 Safari/537.36"
156.221.24.149 - - [08/Mar/2026:11:34:50 +0000] "GET /api/scans/196d6195-2e24-41a9-abcd-d16bc28063d8 HTTP/1.1" 502 559 "-" "Mozilla/5.0 (Windows NT 10.0; Win64; x64) AppleWebKit/537.36 (KHTML, like Gecko) Chrome/145.0.0.0 Safari/537.36"
156.221.24.149 - - [08/Mar/2026:11:34:51 +0000] "GET /api/scans/196d6195-2e24-41a9-abcd-d16bc28063d8 HTTP/1.1" 502 559 "-" "Mozilla/5.0 (Windows NT 10.0; Win64; x64) AppleWebKit/537.36 (KHTML, like Gecko) Chrome/145.0.0.0 Safari/537.36"
156.221.24.149 - - [08/Mar/2026:11:34:52 +0000] "GET /api/scans/196d6195-2e24-41a9-abcd-d16bc28063d8 HTTP/1.1" 502 559 "-" "Mozilla/5.0 (Windows NT 10.0; Win64; x64) AppleWebKit/537.36 (KHTML, like Gecko) Chrome/145.0.0.0 Safari/537.36"
156.221.24.149 - - [08/Mar/2026:11:34:54 +0000] "GET /api/scans/196d6195-2e24-41a9-abcd-d16bc28063d8 HTTP/1.1" 502 559 "-" "Mozilla/5.0 (Windows NT 10.0; Win64; x64) AppleWebKit/537.36 (KHTML, like Gecko) Chrome/145.0.0.0 Safari/537.36"
156.221.24.149 - - [08/Mar/2026:11:34:55 +0000] "GET /api/scans/196d6195-2e24-41a9-abcd-d16bc28063d8 HTTP/1.1" 502 559 "-" "Mozilla/5.0 (Windows NT 10.0; Win64; x64) AppleWebKit/537.36 (KHTML, like Gecko) Chrome/145.0.0.0 Safari/537.36"
156.197.180.193 - - [08/Mar/2026:11:34:56 +0000] "GET / HTTP/1.1" 502 559 "-" "Mozilla/5.0 (Linux; Android 10; K) AppleWebKit/537.36 (KHTML, like Gecko) Chrome/145.0.0.0 Mobile Safari/537.36"
156.197.180.193 - - [08/Mar/2026:11:34:56 +0000] "GET /favicon.ico HTTP/1.1" 502 559 "http://35.87.145.4/" "Mozilla/5.0 (Linux; Android 10; K) AppleWebKit/537.36 (KHTML, like Gecko) Chrome/145.0.0.0 Mobile Safari/537.36"
156.221.24.149 - - [08/Mar/2026:11:34:57 +0000] "GET /api/scans/196d6195-2e24-41a9-abcd-d16bc28063d8 HTTP/1.1" 502 559 "-" "Mozilla/5.0 (Windows NT 10.0; Win64; x64) AppleWebKit/537.36 (KHTML, like Gecko) Chrome/145.0.0.0 Safari/537.36"
156.221.24.149 - - [08/Mar/2026:11:34:58 +0000] "GET /api/scans/196d6195-2e24-41a9-abcd-d16bc28063d8 HTTP/1.1" 502 559 "-" "Mozilla/5.0 (Windows NT 10.0; Win64; x64) AppleWebKit/537.36 (KHTML, like Gecko) Chrome/145.0.0.0 Safari/537.36"
156.197.180.193 - - [08/Mar/2026:11:34:59 +0000] "GET / HTTP/1.1" 502 559 "-" "Mozilla/5.0 (Linux; Android 10; K) AppleWebKit/537.36 (KHTML, like Gecko) Chrome/145.0.0.0 Mobile Safari/537.36"
156.221.24.149 - - [08/Mar/2026:11:34:59 +0000] "GET /api/scans/196d6195-2e24-41a9-abcd-d16bc28063d8 HTTP/1.1" 502 559 "-" "Mozilla/5.0 (Windows NT 10.0; Win64; x64) AppleWebKit/537.36 (KHTML, like Gecko) Chrome/145.0.0.0 Safari/537.36"
156.197.180.193 - - [08/Mar/2026:11:35:00 +0000] "GET /favicon.ico HTTP/1.1" 502 559 "http://35.87.145.4/" "Mozilla/5.0 (Linux; Android 10; K) AppleWebKit/537.36 (KHTML, like Gecko) Chrome/145.0.0.0 Mobile Safari/537.36"
156.221.24.149 - - [08/Mar/2026:11:35:01 +0000] "GET /api/scans/196d6195-2e24-41a9-abcd-d16bc28063d8 HTTP/1.1" 502 559 "-" "Mozilla/5.0 (Windows NT 10.0; Win64; x64) AppleWebKit/537.36 (KHTML, like Gecko) Chrome/145.0.0.0 Safari/537.36"
156.197.180.193 - - [08/Mar/2026:11:35:01 +0000] "GET / HTTP/1.1" 502 559 "-" "Mozilla/5.0 (Linux; Android 10; K) AppleWebKit/537.36 (KHTML, like Gecko) Chrome/145.0.0.0 Mobile Safari/537.36"
156.197.180.193 - - [08/Mar/2026:11:35:01 +0000] "GET /favicon.ico HTTP/1.1" 502 559 "http://35.87.145.4/" "Mozilla/5.0 (Linux; Android 10; K) AppleWebKit/537.36 (KHTML, like Gecko) Chrome/145.0.0.0 Mobile Safari/537.36"
156.221.24.149 - - [08/Mar/2026:11:35:03 +0000] "GET /api/scans/196d6195-2e24-41a9-abcd-d16bc28063d8 HTTP/1.1" 502 559 "-" "Mozilla/5.0 (Windows NT 10.0; Win64; x64) AppleWebKit/537.36 (KHTML, like Gecko) Chrome/145.0.0.0 Safari/537.36"
156.221.24.149 - - [08/Mar/2026:11:35:04 +0000] "GET /api/scans/196d6195-2e24-41a9-abcd-d16bc28063d8 HTTP/1.1" 502 559 "-" "Mozilla/5.0 (Windows NT 10.0; Win64; x64) AppleWebKit/537.36 (KHTML, like Gecko) Chrome/145.0.0.0 Safari/537.36"
156.221.24.149 - - [08/Mar/2026:11:35:06 +0000] "GET /api/scans/196d6195-2e24-41a9-abcd-d16bc28063d8 HTTP/1.1" 502 559 "-" "Mozilla/5.0 (Windows NT 10.0; Win64; x64) AppleWebKit/537.36 (KHTML, like Gecko) Chrome/145.0.0.0 Safari/537.36"
156.221.24.149 - - [08/Mar/2026:11:35:07 +0000] "GET /api/scans/196d6195-2e24-41a9-abcd-d16bc28063d8 HTTP/1.1" 502 559 "-" "Mozilla/5.0 (Windows NT 10.0; Win64; x64) AppleWebKit/537.36 (KHTML, like Gecko) Chrome/145.0.0.0 Safari/537.36"
156.221.24.149 - - [08/Mar/2026:11:35:09 +0000] "GET /api/scans/196d6195-2e24-41a9-abcd-d16bc28063d8 HTTP/1.1" 502 559 "-" "Mozilla/5.0 (Windows NT 10.0; Win64; x64) AppleWebKit/537.36 (KHTML, like Gecko) Chrome/145.0.0.0 Safari/537.36"
156.221.24.149 - - [08/Mar/2026:11:35:10 +0000] "GET /api/scans/196d6195-2e24-41a9-abcd-d16bc28063d8 HTTP/1.1" 502 559 "-" "Mozilla/5.0 (Windows NT 10.0; Win64; x64) AppleWebKit/537.36 (KHTML, like Gecko) Chrome/145.0.0.0 Safari/537.36"
156.221.24.149 - - [08/Mar/2026:11:35:12 +0000] "GET /api/scans/196d6195-2e24-41a9-abcd-d16bc28063d8 HTTP/1.1" 502 559 "-" "Mozilla/5.0 (Windows NT 10.0; Win64; x64) AppleWebKit/537.36 (KHTML, like Gecko) Chrome/145.0.0.0 Safari/537.36"
156.221.24.149 - - [08/Mar/2026:11:35:13 +0000] "GET /api/scans/196d6195-2e24-41a9-abcd-d16bc28063d8 HTTP/1.1" 502 559 "-" "Mozilla/5.0 (Windows NT 10.0; Win64; x64) AppleWebKit/537.36 (KHTML, like Gecko) Chrome/145.0.0.0 Safari/537.36"
156.221.24.149 - - [08/Mar/2026:11:35:14 +0000] "GET /api/scans/196d6195-2e24-41a9-abcd-d16bc28063d8 HTTP/1.1" 502 559 "-" "Mozilla/5.0 (Windows NT 10.0; Win64; x64) AppleWebKit/537.36 (KHTML, like Gecko) Chrome/145.0.0.0 Safari/537.36"
156.221.24.149 - - [08/Mar/2026:11:35:16 +0000] "GET /api/scans/196d6195-2e24-41a9-abcd-d16bc28063d8 HTTP/1.1" 502 559 "-" "Mozilla/5.0 (Windows NT 10.0; Win64; x64) AppleWebKit/537.36 (KHTML, like Gecko) Chrome/145.0.0.0 Safari/537.36"
156.221.24.149 - - [08/Mar/2026:11:35:17 +0000] "GET /api/scans/196d6195-2e24-41a9-abcd-d16bc28063d8 HTTP/1.1" 502 559 "-" "Mozilla/5.0 (Windows NT 10.0; Win64; x64) AppleWebKit/537.36 (KHTML, like Gecko) Chrome/145.0.0.0 Safari/537.36"
156.197.180.193 - - [08/Mar/2026:11:35:53 +0000] "GET / HTTP/1.1" 502 559 "-" "Mozilla/5.0 (Linux; Android 10; K) AppleWebKit/537.36 (KHTML, like Gecko) Chrome/145.0.0.0 Mobile Safari/537.36"
156.221.24.149 - - [08/Mar/2026:11:35:53 +0000] "GET / HTTP/1.1" 502 559 "-" "Mozilla/5.0 (Linux; Android 10; K) AppleWebKit/537.36 (KHTML, like Gecko) Chrome/145.0.0.0 Mobile Safari/537.36"
156.221.24.149 - - [08/Mar/2026:11:35:56 +0000] "GET /favicon.ico HTTP/1.1" 502 559 "http://35.87.145.4/" "Mozilla/5.0 (Linux; Android 10; K) AppleWebKit/537.36 (KHTML, like Gecko) Chrome/145.0.0.0 Mobile Safari/537.36"
156.197.180.193 - - [08/Mar/2026:11:35:56 +0000] "GET /favicon.ico HTTP/1.1" 502 559 "http://35.87.145.4/" "Mozilla/5.0 (Linux; Android 10; K) AppleWebKit/537.36 (KHTML, like Gecko) Chrome/145.0.0.0 Mobile Safari/537.36"
156.221.24.149 - - [08/Mar/2026:11:35:56 +0000] "GET /api/scans/196d6195-2e24-41a9-abcd-d16bc28063d8 HTTP/1.1" 502 559 "-" "Mozilla/5.0 (Windows NT 10.0; Win64; x64) AppleWebKit/537.36 (KHTML, like Gecko) Chrome/145.0.0.0 Safari/537.36"
156.221.24.149 - - [08/Mar/2026:11:36:01 +0000] "GET /api/scans/196d6195-2e24-41a9-abcd-d16bc28063d8 HTTP/1.1" 502 559 "-" "Mozilla/5.0 (Windows NT 10.0; Win64; x64) AppleWebKit/537.36 (KHTML, like Gecko) Chrome/145.0.0.0 Safari/537.36"
156.197.180.193 - - [08/Mar/2026:11:36:05 +0000] "GET / HTTP/1.1" 502 559 "-" "Mozilla/5.0 (Linux; Android 10; K) AppleWebKit/537.36 (KHTML, like Gecko) Chrome/145.0.0.0 Mobile Safari/537.36"
156.221.24.149 - - [08/Mar/2026:11:36:05 +0000] "GET /api/scans/196d6195-2e24-41a9-abcd-d16bc28063d8 HTTP/1.1" 502 559 "-" "Mozilla/5.0 (Windows NT 10.0; Win64; x64) AppleWebKit/537.36 (KHTML, like Gecko) Chrome/145.0.0.0 Safari/537.36"
156.197.180.193 - - [08/Mar/2026:11:36:09 +0000] "GET /favicon.ico HTTP/1.1" 502 559 "http://35.87.145.4/" "Mozilla/5.0 (Linux; Android 10; K) AppleWebKit/537.36 (KHTML, like Gecko) Chrome/145.0.0.0 Mobile Safari/537.36"
156.221.24.149 - - [08/Mar/2026:11:36:09 +0000] "GET /api/scans/196d6195-2e24-41a9-abcd-d16bc28063d8 HTTP/1.1" 502 559 "-" "Mozilla/5.0 (Windows NT 10.0; Win64; x64) AppleWebKit/537.36 (KHTML, like Gecko) Chrome/145.0.0.0 Safari/537.36"
156.221.24.149 - - [08/Mar/2026:11:36:14 +0000] "GET /api/scans/196d6195-2e24-41a9-abcd-d16bc28063d8 HTTP/1.1" 502 559 "-" "Mozilla/5.0 (Windows NT 10.0; Win64; x64) AppleWebKit/537.36 (KHTML, like Gecko) Chrome/145.0.0.0 Safari/537.36"
156.221.24.149 - - [08/Mar/2026:11:36:18 +0000] "GET /api/scans/196d6195-2e24-41a9-abcd-d16bc28063d8 HTTP/1.1" 502 559 "-" "Mozilla/5.0 (Windows NT 10.0; Win64; x64) AppleWebKit/537.36 (KHTML, like Gecko) Chrome/145.0.0.0 Safari/537.36"
156.221.24.149 - - [08/Mar/2026:11:36:23 +0000] "GET /api/scans/196d6195-2e24-41a9-abcd-d16bc28063d8 HTTP/1.1" 502 559 "-" "Mozilla/5.0 (Windows NT 10.0; Win64; x64) AppleWebKit/537.36 (KHTML, like Gecko) Chrome/145.0.0.0 Safari/537.36"
154.184.186.254 - - [08/Mar/2026:11:36:53 +0000] "GET / HTTP/1.1" 200 2283 "-" "Mozilla/5.0 (Linux; Android 10; K) AppleWebKit/537.36 (KHTML, like Gecko) Chrome/144.0.0.0 Mobile Safari/537.36 OPR/95.0.0.0"
154.184.186.254 - - [08/Mar/2026:11:36:53 +0000] "GET /assets/index-6ZA_M27X.css HTTP/1.1" 200 76535 "-" "Mozilla/5.0 (Linux; Android 10; K) AppleWebKit/537.36 (KHTML, like Gecko) Chrome/144.0.0.0 Mobile Safari/537.36 OPR/95.0.0.0"
154.184.186.254 - - [08/Mar/2026:11:36:54 +0000] "GET /assets/index-DIispY9m.js HTTP/1.1" 200 1088571 "-" "Mozilla/5.0 (Linux; Android 10; K) AppleWebKit/537.36 (KHTML, like Gecko) Chrome/144.0.0.0 Mobile Safari/537.36 OPR/95.0.0.0"
156.221.24.149 - - [08/Mar/2026:11:36:55 +0000] "GET /api/scans/196d6195-2e24-41a9-abcd-d16bc28063d8 HTTP/1.1" 200 382 "-" "Mozilla/5.0 (Windows NT 10.0; Win64; x64) AppleWebKit/537.36 (KHTML, like Gecko) Chrome/145.0.0.0 Safari/537.36"
154.184.186.254 - - [08/Mar/2026:11:36:56 +0000] "GET /api/auth/me HTTP/1.1" 401 29 "-" "Mozilla/5.0 (Linux; Android 10; K) AppleWebKit/537.36 (KHTML, like Gecko) Chrome/144.0.0.0 Mobile Safari/537.36 OPR/95.0.0.0"
156.221.24.149 - - [08/Mar/2026:11:36:56 +0000] "GET /api/scans/196d6195-2e24-41a9-abcd-d16bc28063d8 HTTP/1.1" 304 0 "-" "Mozilla/5.0 (Windows NT 10.0; Win64; x64) AppleWebKit/537.36 (KHTML, like Gecko) Chrome/145.0.0.0 Safari/537.36"
156.221.24.149 - - [08/Mar/2026:11:36:57 +0000] "GET /api/scans/196d6195-2e24-41a9-abcd-d16bc28063d8 HTTP/1.1" 304 0 "-" "Mozilla/5.0 (Windows NT 10.0; Win64; x64) AppleWebKit/537.36 (KHTML, like Gecko) Chrome/145.0.0.0 Safari/537.36"
156.221.24.149 - - [08/Mar/2026:11:36:58 +0000] "GET /api/scans/196d6195-2e24-41a9-abcd-d16bc28063d8 HTTP/1.1" 304 0 "-" "Mozilla/5.0 (Windows NT 10.0; Win64; x64) AppleWebKit/537.36 (KHTML, like Gecko) Chrome/145.0.0.0 Safari/537.36"
156.221.24.149 - - [08/Mar/2026:11:36:59 +0000] "GET /scan HTTP/1.1" 200 2283 "-" "Mozilla/5.0 (Windows NT 10.0; Win64; x64) AppleWebKit/537.36 (KHTML, like Gecko) Chrome/145.0.0.0 Safari/537.36"
156.197.180.193 - - [08/Mar/2026:11:37:00 +0000] "GET / HTTP/1.1" 200 2283 "-" "Mozilla/5.0 (Linux; Android 10; K) AppleWebKit/537.36 (KHTML, like Gecko) Chrome/145.0.0.0 Mobile Safari/537.36"
156.221.24.149 - - [08/Mar/2026:11:37:00 +0000] "GET /api/auth/me HTTP/1.1" 304 0 "-" "Mozilla/5.0 (Windows NT 10.0; Win64; x64) AppleWebKit/537.36 (KHTML, like Gecko) Chrome/145.0.0.0 Safari/537.36"
156.197.180.193 - - [08/Mar/2026:11:37:00 +0000] "GET /assets/index-6ZA_M27X.css HTTP/1.1" 200 76535 "-" "Mozilla/5.0 (Linux; Android 10; K) AppleWebKit/537.36 (KHTML, like Gecko) Chrome/145.0.0.0 Mobile Safari/537.36"
156.221.24.149 - - [08/Mar/2026:11:37:00 +0000] "GET /api/scans/recent HTTP/1.1" 200 363 "-" "Mozilla/5.0 (Windows NT 10.0; Win64; x64) AppleWebKit/537.36 (KHTML, like Gecko) Chrome/145.0.0.0 Safari/537.36"
156.221.24.149 - - [08/Mar/2026:11:37:01 +0000] "GET /api/settings HTTP/1.1" 200 30 "-" "Mozilla/5.0 (Windows NT 10.0; Win64; x64) AppleWebKit/537.36 (KHTML, like Gecko) Chrome/145.0.0.0 Safari/537.36"
156.197.180.193 - - [08/Mar/2026:11:37:01 +0000] "GET /assets/index-DIispY9m.js HTTP/1.1" 200 1088571 "-" "Mozilla/5.0 (Linux; Android 10; K) AppleWebKit/537.36 (KHTML, like Gecko) Chrome/145.0.0.0 Mobile Safari/537.36"
156.197.180.193 - - [08/Mar/2026:11:37:02 +0000] "GET /api/auth/me HTTP/1.1" 401 29 "-" "Mozilla/5.0 (Linux; Android 10; K) AppleWebKit/537.36 (KHTML, like Gecko) Chrome/145.0.0.0 Mobile Safari/537.36"
156.197.180.193 - - [08/Mar/2026:11:37:02 +0000] "GET /favicon.png HTTP/1.1" 200 1145 "-" "Mozilla/5.0 (Linux; Android 10; K) AppleWebKit/537.36 (KHTML, like Gecko) Chrome/145.0.0.0 Mobile Safari/537.36"
156.221.24.149 - - [08/Mar/2026:11:37:06 +0000] "GET / HTTP/1.1" 200 2283 "-" "Mozilla/5.0 (Linux; Android 10; K) AppleWebKit/537.36 (KHTML, like Gecko) Chrome/145.0.0.0 Mobile Safari/537.36"
156.221.24.149 - - [08/Mar/2026:11:37:06 +0000] "GET /api/auth/me HTTP/1.1" 401 29 "-" "Mozilla/5.0 (Linux; Android 10; K) AppleWebKit/537.36 (KHTML, like Gecko) Chrome/145.0.0.0 Mobile Safari/537.36"
156.221.24.149 - - [08/Mar/2026:11:37:06 +0000] "GET /favicon.png HTTP/1.1" 304 0 "-" "Mozilla/5.0 (Linux; Android 10; K) AppleWebKit/537.36 (KHTML, like Gecko) Chrome/145.0.0.0 Mobile Safari/537.36"
154.184.186.254 - - [08/Mar/2026:11:37:12 +0000] "POST /api/auth/login HTTP/1.1" 401 31 "-" "Mozilla/5.0 (Linux; Android 10; K) AppleWebKit/537.36 (KHTML, like Gecko) Chrome/144.0.0.0 Mobile Safari/537.36 OPR/95.0.0.0"
154.184.186.254 - - [08/Mar/2026:11:37:31 +0000] "POST /api/auth/signup HTTP/1.1" 201 275 "-" "Mozilla/5.0 (Linux; Android 10; K) AppleWebKit/537.36 (KHTML, like Gecko) Chrome/144.0.0.0 Mobile Safari/537.36 OPR/95.0.0.0"
154.184.186.254 - - [08/Mar/2026:11:37:31 +0000] "GET /api/auth/me HTTP/1.1" 200 72 "-" "Mozilla/5.0 (Linux; Android 10; K) AppleWebKit/537.36 (KHTML, like Gecko) Chrome/144.0.0.0 Mobile Safari/537.36 OPR/95.0.0.0"
154.184.186.254 - - [08/Mar/2026:11:37:32 +0000] "GET /api/vulnerabilities HTTP/1.1" 200 2 "-" "Mozilla/5.0 (Linux; Android 10; K) AppleWebKit/537.36 (KHTML, like Gecko) Chrome/144.0.0.0 Mobile Safari/537.36 OPR/95.0.0.0"
154.184.186.254 - - [08/Mar/2026:11:37:32 +0000] "GET /api/dashboard HTTP/1.1" 200 435 "-" "Mozilla/5.0 (Linux; Android 10; K) AppleWebKit/537.36 (KHTML, like Gecko) Chrome/144.0.0.0 Mobile Safari/537.36 OPR/95.0.0.0"
154.184.186.254 - - [08/Mar/2026:11:37:32 +0000] "GET /api/scans/recent?limit=5 HTTP/1.1" 200 2 "-" "Mozilla/5.0 (Linux; Android 10; K) AppleWebKit/537.36 (KHTML, like Gecko) Chrome/144.0.0.0 Mobile Safari/537.36 OPR/95.0.0.0"
156.197.180.193 - - [08/Mar/2026:11:37:35 +0000] "POST /api/auth/login HTTP/1.1" 401 31 "-" "Mozilla/5.0 (Linux; Android 10; K) AppleWebKit/537.36 (KHTML, like Gecko) Chrome/145.0.0.0 Mobile Safari/537.36"
154.184.186.254 - - [08/Mar/2026:11:37:36 +0000] "GET / HTTP/1.1" 304 0 "-" "Mozilla/5.0 (X11; Linux x86_64) AppleWebKit/537.36 (KHTML, like Gecko) Chrome/144.0.0.0 Safari/537.36 OPR/129.0.0.0"
154.184.186.254 - - [08/Mar/2026:11:37:37 +0000] "GET /api/auth/me HTTP/1.1" 304 0 "-" "Mozilla/5.0 (X11; Linux x86_64) AppleWebKit/537.36 (KHTML, like Gecko) Chrome/144.0.0.0 Safari/537.36 OPR/129.0.0.0"
154.184.186.254 - - [08/Mar/2026:11:37:37 +0000] "GET /api/dashboard HTTP/1.1" 304 0 "-" "Mozilla/5.0 (X11; Linux x86_64) AppleWebKit/537.36 (KHTML, like Gecko) Chrome/144.0.0.0 Safari/537.36 OPR/129.0.0.0"
154.184.186.254 - - [08/Mar/2026:11:37:37 +0000] "GET /api/vulnerabilities HTTP/1.1" 304 0 "-" "Mozilla/5.0 (X11; Linux x86_64) AppleWebKit/537.36 (KHTML, like Gecko) Chrome/144.0.0.0 Safari/537.36 OPR/129.0.0.0"
154.184.186.254 - - [08/Mar/2026:11:37:37 +0000] "GET /api/scans/recent?limit=5 HTTP/1.1" 304 0 "-" "Mozilla/5.0 (X11; Linux x86_64) AppleWebKit/537.36 (KHTML, like Gecko) Chrome/144.0.0.0 Safari/537.36 OPR/129.0.0.0"
154.184.186.254 - - [08/Mar/2026:11:37:41 +0000] "GET /api/schedules HTTP/1.1" 200 2 "-" "Mozilla/5.0 (X11; Linux x86_64) AppleWebKit/537.36 (KHTML, like Gecko) Chrome/144.0.0.0 Safari/537.36 OPR/129.0.0.0"
154.184.186.254 - - [08/Mar/2026:11:37:43 +0000] "GET /api/settings HTTP/1.1" 200 30 "-" "Mozilla/5.0 (X11; Linux x86_64) AppleWebKit/537.36 (KHTML, like Gecko) Chrome/144.0.0.0 Safari/537.36 OPR/129.0.0.0"
156.221.24.149 - - [08/Mar/2026:11:37:44 +0000] "GET /api/scans/196d6195-2e24-41a9-abcd-d16bc28063d8 HTTP/1.1" 304 0 "-" "Mozilla/5.0 (Windows NT 10.0; Win64; x64) AppleWebKit/537.36 (KHTML, like Gecko) Chrome/145.0.0.0 Safari/537.36"
156.221.24.149 - - [08/Mar/2026:11:37:45 +0000] "GET /api/scans/196d6195-2e24-41a9-abcd-d16bc28063d8 HTTP/1.1" 304 0 "-" "Mozilla/5.0 (Windows NT 10.0; Win64; x64) AppleWebKit/537.36 (KHTML, like Gecko) Chrome/145.0.0.0 Safari/537.36"
156.221.24.149 - - [08/Mar/2026:11:37:46 +0000] "GET /api/scans/196d6195-2e24-41a9-abcd-d16bc28063d8 HTTP/1.1" 304 0 "-" "Mozilla/5.0 (Windows NT 10.0; Win64; x64) AppleWebKit/537.36 (KHTML, like Gecko) Chrome/145.0.0.0 Safari/537.36"
156.221.24.149 - - [08/Mar/2026:11:37:47 +0000] "GET /api/scans/196d6195-2e24-41a9-abcd-d16bc28063d8 HTTP/1.1" 304 0 "-" "Mozilla/5.0 (Windows NT 10.0; Win64; x64) AppleWebKit/537.36 (KHTML, like Gecko) Chrome/145.0.0.0 Safari/537.36"
154.184.186.254 - - [08/Mar/2026:11:37:48 +0000] "POST /api/scans HTTP/1.1" 201 323 "-" "Mozilla/5.0 (X11; Linux x86_64) AppleWebKit/537.36 (KHTML, like Gecko) Chrome/144.0.0.0 Safari/537.36 OPR/129.0.0.0"
154.184.186.254 - - [08/Mar/2026:11:37:48 +0000] "GET /api/scans/e6e024a7-a87d-4904-b1b2-fa425e895deb HTTP/1.1" 200 366 "-" "Mozilla/5.0 (X11; Linux x86_64) AppleWebKit/537.36 (KHTML, like Gecko) Chrome/144.0.0.0 Safari/537.36 OPR/129.0.0.0"
156.221.24.149 - - [08/Mar/2026:11:37:49 +0000] "GET /api/scans/196d6195-2e24-41a9-abcd-d16bc28063d8 HTTP/1.1" 304 0 "-" "Mozilla/5.0 (Windows NT 10.0; Win64; x64) AppleWebKit/537.36 (KHTML, like Gecko) Chrome/145.0.0.0 Safari/537.36"
154.184.186.254 - - [08/Mar/2026:11:37:50 +0000] "GET /api/scans/e6e024a7-a87d-4904-b1b2-fa425e895deb HTTP/1.1" 200 366 "-" "Mozilla/5.0 (X11; Linux x86_64) AppleWebKit/537.36 (KHTML, like Gecko) Chrome/144.0.0.0 Safari/537.36 OPR/129.0.0.0"
156.221.24.149 - - [08/Mar/2026:11:37:50 +0000] "GET /api/scans/196d6195-2e24-41a9-abcd-d16bc28063d8 HTTP/1.1" 304 0 "-" "Mozilla/5.0 (Windows NT 10.0; Win64; x64) AppleWebKit/537.36 (KHTML, like Gecko) Chrome/145.0.0.0 Safari/537.36"
156.221.24.149 - - [08/Mar/2026:11:37:50 +0000] "PATCH /api/settings HTTP/1.1" 404 30 "-" "Mozilla/5.0 (Windows NT 10.0; Win64; x64) AppleWebKit/537.36 (KHTML, like Gecko) Chrome/145.0.0.0 Safari/537.36"
156.221.24.149 - - [08/Mar/2026:11:37:51 +0000] "GET /api/scans/196d6195-2e24-41a9-abcd-d16bc28063d8 HTTP/1.1" 304 0 "-" "Mozilla/5.0 (Windows NT 10.0; Win64; x64) AppleWebKit/537.36 (KHTML, like Gecko) Chrome/145.0.0.0 Safari/537.36"
154.184.186.254 - - [08/Mar/2026:11:37:51 +0000] "GET /api/scans/e6e024a7-a87d-4904-b1b2-fa425e895deb HTTP/1.1" 200 367 "-" "Mozilla/5.0 (X11; Linux x86_64) AppleWebKit/537.36 (KHTML, like Gecko) Chrome/144.0.0.0 Safari/537.36 OPR/129.0.0.0"
156.221.24.149 - - [08/Mar/2026:11:37:52 +0000] "GET /api/scans/196d6195-2e24-41a9-abcd-d16bc28063d8 HTTP/1.1" 304 0 "-" "Mozilla/5.0 (Windows NT 10.0; Win64; x64) AppleWebKit/537.36 (KHTML, like Gecko) Chrome/145.0.0.0 Safari/537.36"
154.184.186.254 - - [08/Mar/2026:11:37:52 +0000] "GET /api/scans/e6e024a7-a87d-4904-b1b2-fa425e895deb HTTP/1.1" 200 367 "-" "Mozilla/5.0 (X11; Linux x86_64) AppleWebKit/537.36 (KHTML, like Gecko) Chrome/144.0.0.0 Safari/537.36 OPR/129.0.0.0"
156.197.180.193 - - [08/Mar/2026:11:37:52 +0000] "POST /api/auth/signup HTTP/1.1" 201 276 "-" "Mozilla/5.0 (Linux; Android 10; K) AppleWebKit/537.36 (KHTML, like Gecko) Chrome/145.0.0.0 Mobile Safari/537.36"
156.197.180.193 - - [08/Mar/2026:11:37:53 +0000] "GET /api/auth/me HTTP/1.1" 200 73 "-" "Mozilla/5.0 (Linux; Android 10; K) AppleWebKit/537.36 (KHTML, like Gecko) Chrome/145.0.0.0 Mobile Safari/537.36"
156.197.180.193 - - [08/Mar/2026:11:37:53 +0000] "GET /api/vulnerabilities HTTP/1.1" 200 2 "-" "Mozilla/5.0 (Linux; Android 10; K) AppleWebKit/537.36 (KHTML, like Gecko) Chrome/145.0.0.0 Mobile Safari/537.36"
156.197.180.193 - - [08/Mar/2026:11:37:53 +0000] "GET /api/dashboard HTTP/1.1" 200 438 "-" "Mozilla/5.0 (Linux; Android 10; K) AppleWebKit/537.36 (KHTML, like Gecko) Chrome/145.0.0.0 Mobile Safari/537.36"
156.197.180.193 - - [08/Mar/2026:11:37:53 +0000] "GET /api/scans/recent?limit=5 HTTP/1.1" 200 2 "-" "Mozilla/5.0 (Linux; Android 10; K) AppleWebKit/537.36 (KHTML, like Gecko) Chrome/145.0.0.0 Mobile Safari/537.36"
156.221.24.149 - - [08/Mar/2026:11:37:53 +0000] "GET /api/scans/196d6195-2e24-41a9-abcd-d16bc28063d8 HTTP/1.1" 304 0 "-" "Mozilla/5.0 (Windows NT 10.0; Win64; x64) AppleWebKit/537.36 (KHTML, like Gecko) Chrome/145.0.0.0 Safari/537.36"
154.184.186.254 - - [08/Mar/2026:11:37:54 +0000] "GET /api/scans/e6e024a7-a87d-4904-b1b2-fa425e895deb HTTP/1.1" 200 367 "-" "Mozilla/5.0 (X11; Linux x86_64) AppleWebKit/537.36 (KHTML, like Gecko) Chrome/144.0.0.0 Safari/537.36 OPR/129.0.0.0"
156.197.180.193 - - [08/Mar/2026:11:37:59 +0000] "GET / HTTP/1.1" 304 0 "-" "Mozilla/5.0 (X11; Linux x86_64) AppleWebKit/537.36 (KHTML, like Gecko) Chrome/145.0.0.0 Safari/537.36"
156.197.180.193 - - [08/Mar/2026:11:38:00 +0000] "GET /api/auth/me HTTP/1.1" 304 0 "-" "Mozilla/5.0 (X11; Linux x86_64) AppleWebKit/537.36 (KHTML, like Gecko) Chrome/145.0.0.0 Safari/537.36"
156.197.180.193 - - [08/Mar/2026:11:38:00 +0000] "GET /favicon.png HTTP/1.1" 304 0 "-" "Mozilla/5.0 (X11; Linux x86_64) AppleWebKit/537.36 (KHTML, like Gecko) Chrome/145.0.0.0 Safari/537.36"
156.197.180.193 - - [08/Mar/2026:11:38:00 +0000] "GET /api/scans/recent?limit=5 HTTP/1.1" 304 0 "-" "Mozilla/5.0 (X11; Linux x86_64) AppleWebKit/537.36 (KHTML, like Gecko) Chrome/145.0.0.0 Safari/537.36"
156.197.180.193 - - [08/Mar/2026:11:38:00 +0000] "GET /api/vulnerabilities HTTP/1.1" 304 0 "-" "Mozilla/5.0 (X11; Linux x86_64) AppleWebKit/537.36 (KHTML, like Gecko) Chrome/145.0.0.0 Safari/537.36"
156.197.180.193 - - [08/Mar/2026:11:38:00 +0000] "GET /api/dashboard HTTP/1.1" 304 0 "-" "Mozilla/5.0 (X11; Linux x86_64) AppleWebKit/537.36 (KHTML, like Gecko) Chrome/145.0.0.0 Safari/537.36"
154.184.186.254 - - [08/Mar/2026:11:38:01 +0000] "GET /api/scans/e6e024a7-a87d-4904-b1b2-fa425e895deb HTTP/1.1" 200 367 "-" "Mozilla/5.0 (X11; Linux x86_64) AppleWebKit/537.36 (KHTML, like Gecko) Chrome/144.0.0.0 Safari/537.36 OPR/129.0.0.0"
156.197.180.193 - - [08/Mar/2026:11:38:02 +0000] "GET /api/settings HTTP/1.1" 200 30 "-" "Mozilla/5.0 (X11; Linux x86_64) AppleWebKit/537.36 (KHTML, like Gecko) Chrome/145.0.0.0 Safari/537.36"
154.184.186.254 - - [08/Mar/2026:11:38:02 +0000] "GET /api/scans/e6e024a7-a87d-4904-b1b2-fa425e895deb HTTP/1.1" 304 0 "-" "Mozilla/5.0 (X11; Linux x86_64) AppleWebKit/537.36 (KHTML, like Gecko) Chrome/144.0.0.0 Safari/537.36 OPR/129.0.0.0"
154.184.186.254 - - [08/Mar/2026:11:38:04 +0000] "GET /api/scans/e6e024a7-a87d-4904-b1b2-fa425e895deb HTTP/1.1" 304 0 "-" "Mozilla/5.0 (X11; Linux x86_64) AppleWebKit/537.36 (KHTML, like Gecko) Chrome/144.0.0.0 Safari/537.36 OPR/129.0.0.0"
154.184.186.254 - - [08/Mar/2026:11:38:05 +0000] "GET /api/scans/e6e024a7-a87d-4904-b1b2-fa425e895deb HTTP/1.1" 304 0 "-" "Mozilla/5.0 (X11; Linux x86_64) AppleWebKit/537.36 (KHTML, like Gecko) Chrome/144.0.0.0 Safari/537.36 OPR/129.0.0.0"
154.184.186.254 - - [08/Mar/2026:11:38:07 +0000] "GET /api/scans/e6e024a7-a87d-4904-b1b2-fa425e895deb HTTP/1.1" 304 0 "-" "Mozilla/5.0 (X11; Linux x86_64) AppleWebKit/537.36 (KHTML, like Gecko) Chrome/144.0.0.0 Safari/537.36 OPR/129.0.0.0"
154.184.186.254 - - [08/Mar/2026:11:38:08 +0000] "GET /api/scans/e6e024a7-a87d-4904-b1b2-fa425e895deb HTTP/1.1" 304 0 "-" "Mozilla/5.0 (X11; Linux x86_64) AppleWebKit/537.36 (KHTML, like Gecko) Chrome/144.0.0.0 Safari/537.36 OPR/129.0.0.0"
154.184.186.254 - - [08/Mar/2026:11:38:09 +0000] "GET /api/scans/e6e024a7-a87d-4904-b1b2-fa425e895deb HTTP/1.1" 200 367 "-" "Mozilla/5.0 (X11; Linux x86_64) AppleWebKit/537.36 (KHTML, like Gecko) Chrome/144.0.0.0 Safari/537.36 OPR/129.0.0.0"
154.184.186.254 - - [08/Mar/2026:11:38:11 +0000] "GET /api/scans/e6e024a7-a87d-4904-b1b2-fa425e895deb HTTP/1.1" 304 0 "-" "Mozilla/5.0 (X11; Linux x86_64) AppleWebKit/537.36 (KHTML, like Gecko) Chrome/144.0.0.0 Safari/537.36 OPR/129.0.0.0"
154.184.186.254 - - [08/Mar/2026:11:38:12 +0000] "GET /api/scans/e6e024a7-a87d-4904-b1b2-fa425e895deb HTTP/1.1" 304 0 "-" "Mozilla/5.0 (X11; Linux x86_64) AppleWebKit/537.36 (KHTML, like Gecko) Chrome/144.0.0.0 Safari/537.36 OPR/129.0.0.0"
154.184.186.254 - - [08/Mar/2026:11:38:13 +0000] "GET /api/scans/e6e024a7-a87d-4904-b1b2-fa425e895deb HTTP/1.1" 200 367 "-" "Mozilla/5.0 (X11; Linux x86_64) AppleWebKit/537.36 (KHTML, like Gecko) Chrome/144.0.0.0 Safari/537.36 OPR/129.0.0.0"
154.184.186.254 - - [08/Mar/2026:11:38:15 +0000] "GET /api/scans/e6e024a7-a87d-4904-b1b2-fa425e895deb HTTP/1.1" 200 367 "-" "Mozilla/5.0 (X11; Linux x86_64) AppleWebKit/537.36 (KHTML, like Gecko) Chrome/144.0.0.0 Safari/537.36 OPR/129.0.0.0"
154.184.186.254 - - [08/Mar/2026:11:38:16 +0000] "GET /api/scans/e6e024a7-a87d-4904-b1b2-fa425e895deb HTTP/1.1" 304 0 "-" "Mozilla/5.0 (X11; Linux x86_64) AppleWebKit/537.36 (KHTML, like Gecko) Chrome/144.0.0.0 Safari/537.36 OPR/129.0.0.0"
154.184.186.254 - - [08/Mar/2026:11:38:17 +0000] "GET /api/scans/e6e024a7-a87d-4904-b1b2-fa425e895deb HTTP/1.1" 304 0 "-" "Mozilla/5.0 (X11; Linux x86_64) AppleWebKit/537.36 (KHTML, like Gecko) Chrome/144.0.0.0 Safari/537.36 OPR/129.0.0.0"
154.184.186.254 - - [08/Mar/2026:11:38:19 +0000] "GET /api/scans/e6e024a7-a87d-4904-b1b2-fa425e895deb HTTP/1.1" 304 0 "-" "Mozilla/5.0 (X11; Linux x86_64) AppleWebKit/537.36 (KHTML, like Gecko) Chrome/144.0.0.0 Safari/537.36 OPR/129.0.0.0"
156.197.180.193 - - [08/Mar/2026:11:38:19 +0000] "PATCH /api/settings HTTP/1.1" 404 30 "-" "Mozilla/5.0 (X11; Linux x86_64) AppleWebKit/537.36 (KHTML, like Gecko) Chrome/145.0.0.0 Safari/537.36"
154.184.186.254 - - [08/Mar/2026:11:38:20 +0000] "GET /api/scans/e6e024a7-a87d-4904-b1b2-fa425e895deb HTTP/1.1" 304 0 "-" "Mozilla/5.0 (X11; Linux x86_64) AppleWebKit/537.36 (KHTML, like Gecko) Chrome/144.0.0.0 Safari/537.36 OPR/129.0.0.0"
156.197.180.193 - - [08/Mar/2026:11:38:21 +0000] "POST /api/scans HTTP/1.1" 201 316 "-" "Mozilla/5.0 (X11; Linux x86_64) AppleWebKit/537.36 (KHTML, like Gecko) Chrome/145.0.0.0 Safari/537.36"
156.197.180.193 - - [08/Mar/2026:11:38:21 +0000] "GET /api/scans/118e2314-6031-45a2-886a-01264a393d5f HTTP/1.1" 200 359 "-" "Mozilla/5.0 (X11; Linux x86_64) AppleWebKit/537.36 (KHTML, like Gecko) Chrome/145.0.0.0 Safari/537.36"
154.184.186.254 - - [08/Mar/2026:11:38:22 +0000] "GET /api/scans/e6e024a7-a87d-4904-b1b2-fa425e895deb HTTP/1.1" 304 0 "-" "Mozilla/5.0 (X11; Linux x86_64) AppleWebKit/537.36 (KHTML, like Gecko) Chrome/144.0.0.0 Safari/537.36 OPR/129.0.0.0"
156.197.180.193 - - [08/Mar/2026:11:38:22 +0000] "GET /api/scans/118e2314-6031-45a2-886a-01264a393d5f HTTP/1.1" 200 359 "-" "Mozilla/5.0 (X11; Linux x86_64) AppleWebKit/537.36 (KHTML, like Gecko) Chrome/145.0.0.0 Safari/537.36"
154.184.186.254 - - [08/Mar/2026:11:38:23 +0000] "GET /api/scans/e6e024a7-a87d-4904-b1b2-fa425e895deb HTTP/1.1" 304 0 "-" "Mozilla/5.0 (X11; Linux x86_64) AppleWebKit/537.36 (KHTML, like Gecko) Chrome/144.0.0.0 Safari/537.36 OPR/129.0.0.0"
156.197.180.193 - - [08/Mar/2026:11:38:23 +0000] "GET /api/scans/118e2314-6031-45a2-886a-01264a393d5f HTTP/1.1" 200 359 "-" "Mozilla/5.0 (X11; Linux x86_64) AppleWebKit/537.36 (KHTML, like Gecko) Chrome/145.0.0.0 Safari/537.36"
154.184.186.254 - - [08/Mar/2026:11:38:24 +0000] "GET /api/scans/e6e024a7-a87d-4904-b1b2-fa425e895deb HTTP/1.1" 304 0 "-" "Mozilla/5.0 (X11; Linux x86_64) AppleWebKit/537.36 (KHTML, like Gecko) Chrome/144.0.0.0 Safari/537.36 OPR/129.0.0.0"
156.197.180.193 - - [08/Mar/2026:11:38:25 +0000] "GET /api/scans/118e2314-6031-45a2-886a-01264a393d5f HTTP/1.1" 200 360 "-" "Mozilla/5.0 (X11; Linux x86_64) AppleWebKit/537.36 (KHTML, like Gecko) Chrome/145.0.0.0 Safari/537.36"
154.184.186.254 - - [08/Mar/2026:11:38:26 +0000] "GET /api/scans/e6e024a7-a87d-4904-b1b2-fa425e895deb HTTP/1.1" 304 0 "-" "Mozilla/5.0 (X11; Linux x86_64) AppleWebKit/537.36 (KHTML, like Gecko) Chrome/144.0.0.0 Safari/537.36 OPR/129.0.0.0"
156.197.180.193 - - [08/Mar/2026:11:38:26 +0000] "GET /api/scans/118e2314-6031-45a2-886a-01264a393d5f HTTP/1.1" 200 360 "-" "Mozilla/5.0 (X11; Linux x86_64) AppleWebKit/537.36 (KHTML, like Gecko) Chrome/145.0.0.0 Safari/537.36"
154.184.186.254 - - [08/Mar/2026:11:38:27 +0000] "GET /api/scans/e6e024a7-a87d-4904-b1b2-fa425e895deb HTTP/1.1" 304 0 "-" "Mozilla/5.0 (X11; Linux x86_64) AppleWebKit/537.36 (KHTML, like Gecko) Chrome/144.0.0.0 Safari/537.36 OPR/129.0.0.0"
156.197.180.193 - - [08/Mar/2026:11:38:27 +0000] "GET /api/scans/118e2314-6031-45a2-886a-01264a393d5f HTTP/1.1" 200 360 "-" "Mozilla/5.0 (X11; Linux x86_64) AppleWebKit/537.36 (KHTML, like Gecko) Chrome/145.0.0.0 Safari/537.36"
154.184.186.254 - - [08/Mar/2026:11:38:28 +0000] "GET /api/scans/e6e024a7-a87d-4904-b1b2-fa425e895deb HTTP/1.1" 304 0 "-" "Mozilla/5.0 (X11; Linux x86_64) AppleWebKit/537.36 (KHTML, like Gecko) Chrome/144.0.0.0 Safari/537.36 OPR/129.0.0.0"
156.197.180.193 - - [08/Mar/2026:11:38:28 +0000] "GET /api/scans/118e2314-6031-45a2-886a-01264a393d5f HTTP/1.1" 304 0 "-" "Mozilla/5.0 (X11; Linux x86_64) AppleWebKit/537.36 (KHTML, like Gecko) Chrome/145.0.0.0 Safari/537.36"
154.184.186.254 - - [08/Mar/2026:11:38:29 +0000] "GET /api/scans/e6e024a7-a87d-4904-b1b2-fa425e895deb HTTP/1.1" 304 0 "-" "Mozilla/5.0 (X11; Linux x86_64) AppleWebKit/537.36 (KHTML, like Gecko) Chrome/144.0.0.0 Safari/537.36 OPR/129.0.0.0"
156.197.180.193 - - [08/Mar/2026:11:38:30 +0000] "GET /api/scans/118e2314-6031-45a2-886a-01264a393d5f HTTP/1.1" 304 0 "-" "Mozilla/5.0 (X11; Linux x86_64) AppleWebKit/537.36 (KHTML, like Gecko) Chrome/145.0.0.0 Safari/537.36"
156.197.180.193 - - [08/Mar/2026:11:38:31 +0000] "GET /api/scans/118e2314-6031-45a2-886a-01264a393d5f HTTP/1.1" 304 0 "-" "Mozilla/5.0 (X11; Linux x86_64) AppleWebKit/537.36 (KHTML, like Gecko) Chrome/145.0.0.0 Safari/537.36"
156.197.180.193 - - [08/Mar/2026:11:38:32 +0000] "GET /api/scans/118e2314-6031-45a2-886a-01264a393d5f HTTP/1.1" 304 0 "-" "Mozilla/5.0 (X11; Linux x86_64) AppleWebKit/537.36 (KHTML, like Gecko) Chrome/145.0.0.0 Safari/537.36"
156.221.24.149 - - [08/Mar/2026:11:38:32 +0000] "GET /api/scans/196d6195-2e24-41a9-abcd-d16bc28063d8 HTTP/1.1" 304 0 "-" "Mozilla/5.0 (Windows NT 10.0; Win64; x64) AppleWebKit/537.36 (KHTML, like Gecko) Chrome/145.0.0.0 Safari/537.36"
156.197.180.193 - - [08/Mar/2026:11:38:33 +0000] "GET /api/scans/118e2314-6031-45a2-886a-01264a393d5f HTTP/1.1" 200 360 "-" "Mozilla/5.0 (X11; Linux x86_64) AppleWebKit/537.36 (KHTML, like Gecko) Chrome/145.0.0.0 Safari/537.36"
156.197.180.193 - - [08/Mar/2026:11:38:44 +0000] "GET /api/scans/118e2314-6031-45a2-886a-01264a393d5f HTTP/1.1" 304 0 "-" "Mozilla/5.0 (X11; Linux x86_64) AppleWebKit/537.36 (KHTML, like Gecko) Chrome/145.0.0.0 Safari/537.36"
156.221.24.149 - - [08/Mar/2026:11:39:35 +0000] "GET /api/scans/196d6195-2e24-41a9-abcd-d16bc28063d8 HTTP/1.1" 504 569 "-" "Mozilla/5.0 (Windows NT 10.0; Win64; x64) AppleWebKit/537.36 (KHTML, like Gecko) Chrome/145.0.0.0 Safari/537.36"
156.221.24.149 - - [08/Mar/2026:11:39:44 +0000] "POST /api/scans HTTP/1.1" 504 569 "-" "Mozilla/5.0 (Windows NT 10.0; Win64; x64) AppleWebKit/537.36 (KHTML, like Gecko) Chrome/145.0.0.0 Safari/537.36"
156.197.180.193 - - [08/Mar/2026:11:39:45 +0000] "GET /api/scans/118e2314-6031-45a2-886a-01264a393d5f HTTP/1.1" 504 569 "-" "Mozilla/5.0 (X11; Linux x86_64) AppleWebKit/537.36 (KHTML, like Gecko) Chrome/145.0.0.0 Safari/537.36"
154.184.186.254 - - [08/Mar/2026:11:39:46 +0000] "GET /api/scans/e6e024a7-a87d-4904-b1b2-fa425e895deb HTTP/1.1" 504 569 "-" "Mozilla/5.0 (X11; Linux x86_64) AppleWebKit/537.36 (KHTML, like Gecko) Chrome/144.0.0.0 Safari/537.36 OPR/129.0.0.0"
156.221.24.149 - - [08/Mar/2026:11:39:48 +0000] "GET / HTTP/1.1" 499 0 "-" "Mozilla/5.0 (Linux; Android 10; K) AppleWebKit/537.36 (KHTML, like Gecko) Chrome/145.0.0.0 Mobile Safari/537.36"
156.221.24.149 - - [08/Mar/2026:11:39:52 +0000] "GET / HTTP/1.1" 499 0 "-" "Mozilla/5.0 (Linux; Android 10; K) AppleWebKit/537.36 (KHTML, like Gecko) Chrome/145.0.0.0 Mobile Safari/537.36"
154.184.186.254 - - [08/Mar/2026:11:39:54 +0000] "GET /scan HTTP/1.1" 499 0 "-" "Mozilla/5.0 (X11; Linux x86_64) AppleWebKit/537.36 (KHTML, like Gecko) Chrome/144.0.0.0 Safari/537.36 OPR/129.0.0.0"
154.184.186.254 - - [08/Mar/2026:11:39:56 +0000] "POST /api/scans/e6e024a7-a87d-4904-b1b2-fa425e895deb/cancel HTTP/1.1" 504 569 "-" "Mozilla/5.0 (X11; Linux x86_64) AppleWebKit/537.36 (KHTML, like Gecko) Chrome/144.0.0.0 Safari/537.36 OPR/129.0.0.0"
156.221.24.149 - - [08/Mar/2026:11:40:05 +0000] "GET /scan HTTP/1.1" 504 569 "-" "Mozilla/5.0 (Windows NT 10.0; Win64; x64) AppleWebKit/537.36 (KHTML, like Gecko) Chrome/145.0.0.0 Safari/537.36"
45.103.27.70 - - [08/Mar/2026:11:40:12 +0000] "GET / HTTP/1.1" 499 0 "-" "Mozilla/5.0 (Linux; Android 10; K) AppleWebKit/537.36 (KHTML, like Gecko) Chrome/145.0.0.0 Mobile Safari/537.36"
154.184.186.254 - - [08/Mar/2026:11:40:12 +0000] "GET /api/scans/e6e024a7-a87d-4904-b1b2-fa425e895deb HTTP/1.1" 499 0 "-" "Mozilla/5.0 (X11; Linux x86_64) AppleWebKit/537.36 (KHTML, like Gecko) Chrome/144.0.0.0 Safari/537.36 OPR/129.0.0.0"
154.184.186.254 - - [08/Mar/2026:11:40:12 +0000] "GET /scan HTTP/1.1" 499 0 "-" "Mozilla/5.0 (X11; Linux x86_64) AppleWebKit/537.36 (KHTML, like Gecko) Chrome/144.0.0.0 Safari/537.36 OPR/129.0.0.0"
154.184.186.254 - - [08/Mar/2026:11:40:12 +0000] "POST /api/scans/e6e024a7-a87d-4904-b1b2-fa425e895deb/cancel HTTP/1.1" 499 0 "-" "Mozilla/5.0 (X11; Linux x86_64) AppleWebKit/537.36 (KHTML, like Gecko) Chrome/144.0.0.0 Safari/537.36 OPR/129.0.0.0"
156.197.180.193 - - [08/Mar/2026:11:40:44 +0000] "GET /api/reports HTTP/1.1" 200 2 "-" "Mozilla/5.0 (X11; Linux x86_64) AppleWebKit/537.36 (KHTML, like Gecko) Chrome/145.0.0.0 Safari/537.36"
156.197.180.193 - - [08/Mar/2026:11:40:44 +0000] "GET /api/scans HTTP/1.1" 200 341 "-" "Mozilla/5.0 (X11; Linux x86_64) AppleWebKit/537.36 (KHTML, like Gecko) Chrome/145.0.0.0 Safari/537.36"
156.221.24.149 - - [08/Mar/2026:11:40:44 +0000] "GET / HTTP/1.1" 200 2283 "-" "Mozilla/5.0 (Linux; Android 10; K) AppleWebKit/537.36 (KHTML, like Gecko) Chrome/145.0.0.0 Mobile Safari/537.36"
156.221.24.149 - - [08/Mar/2026:11:40:44 +0000] "GET /favicon.ico HTTP/1.1" 200 2283 "http://35.87.145.4/scan" "Mozilla/5.0 (Windows NT 10.0; Win64; x64) AppleWebKit/537.36 (KHTML, like Gecko) Chrome/145.0.0.0 Safari/537.36"
154.184.186.254 - - [08/Mar/2026:11:40:44 +0000] "GET / HTTP/1.1" 304 0 "-" "Mozilla/5.0 (X11; Linux x86_64) AppleWebKit/537.36 (KHTML, like Gecko) Chrome/144.0.0.0 Safari/537.36 OPR/129.0.0.0"
45.103.27.70 - - [08/Mar/2026:11:40:44 +0000] "GET / HTTP/1.1" 200 2283 "-" "Mozilla/5.0 (Linux; Android 10; K) AppleWebKit/537.36 (KHTML, like Gecko) Chrome/145.0.0.0 Mobile Safari/537.36"
156.197.180.193 - - [08/Mar/2026:11:40:44 +0000] "GET /api/scans/118e2314-6031-45a2-886a-01264a393d5f HTTP/1.1" 200 360 "-" "Mozilla/5.0 (X11; Linux x86_64) AppleWebKit/537.36 (KHTML, like Gecko) Chrome/145.0.0.0 Safari/537.36"
154.184.186.254 - - [08/Mar/2026:11:40:45 +0000] "GET /api/auth/me HTTP/1.1" 304 0 "-" "Mozilla/5.0 (X11; Linux x86_64) AppleWebKit/537.36 (KHTML, like Gecko) Chrome/144.0.0.0 Safari/537.36 OPR/129.0.0.0"
156.221.24.149 - - [08/Mar/2026:11:40:45 +0000] "GET /api/auth/me HTTP/1.1" 401 29 "-" "Mozilla/5.0 (Linux; Android 10; K) AppleWebKit/537.36 (KHTML, like Gecko) Chrome/145.0.0.0 Mobile Safari/537.36"
154.184.186.254 - - [08/Mar/2026:11:40:45 +0000] "GET /api/vulnerabilities HTTP/1.1" 304 0 "-" "Mozilla/5.0 (X11; Linux x86_64) AppleWebKit/537.36 (KHTML, like Gecko) Chrome/144.0.0.0 Safari/537.36 OPR/129.0.0.0"
154.184.186.254 - - [08/Mar/2026:11:40:45 +0000] "GET /api/dashboard HTTP/1.1" 200 784 "-" "Mozilla/5.0 (X11; Linux x86_64) AppleWebKit/537.36 (KHTML, like Gecko) Chrome/144.0.0.0 Safari/537.36 OPR/129.0.0.0"
154.184.186.254 - - [08/Mar/2026:11:40:46 +0000] "GET /api/scans/recent?limit=5 HTTP/1.1" 200 372 "-" "Mozilla/5.0 (X11; Linux x86_64) AppleWebKit/537.36 (KHTML, like Gecko) Chrome/144.0.0.0 Safari/537.36 OPR/129.0.0.0"
156.197.180.193 - - [08/Mar/2026:11:40:46 +0000] "GET /api/scans/118e2314-6031-45a2-886a-01264a393d5f HTTP/1.1" 304 0 "-" "Mozilla/5.0 (X11; Linux x86_64) AppleWebKit/537.36 (KHTML, like Gecko) Chrome/145.0.0.0 Safari/537.36"
156.221.24.149 - - [08/Mar/2026:11:40:46 +0000] "GET /favicon.png HTTP/1.1" 304 0 "-" "Mozilla/5.0 (Linux; Android 10; K) AppleWebKit/537.36 (KHTML, like Gecko) Chrome/145.0.0.0 Mobile Safari/537.36"
45.103.27.70 - - [08/Mar/2026:11:40:46 +0000] "GET /assets/index-6ZA_M27X.css HTTP/1.1" 200 76535 "-" "Mozilla/5.0 (Linux; Android 10; K) AppleWebKit/537.36 (KHTML, like Gecko) Chrome/145.0.0.0 Mobile Safari/537.36"
156.197.180.193 - - [08/Mar/2026:11:40:47 +0000] "GET /api/scans/118e2314-6031-45a2-886a-01264a393d5f HTTP/1.1" 304 0 "-" "Mozilla/5.0 (X11; Linux x86_64) AppleWebKit/537.36 (KHTML, like Gecko) Chrome/145.0.0.0 Safari/537.36"
45.103.27.70 - - [08/Mar/2026:11:40:49 +0000] "GET /assets/index-DIispY9m.js HTTP/1.1" 200 1088571 "-" "Mozilla/5.0 (Linux; Android 10; K) AppleWebKit/537.36 (KHTML, like Gecko) Chrome/145.0.0.0 Mobile Safari/537.36"
156.197.180.193 - - [08/Mar/2026:11:40:49 +0000] "GET /api/scans/118e2314-6031-45a2-886a-01264a393d5f HTTP/1.1" 200 360 "-" "Mozilla/5.0 (X11; Linux x86_64) AppleWebKit/537.36 (KHTML, like Gecko) Chrome/145.0.0.0 Safari/537.36"
45.103.27.70 - - [08/Mar/2026:11:40:51 +0000] "GET /api/auth/me HTTP/1.1" 401 29 "-" "Mozilla/5.0 (Linux; Android 10; K) AppleWebKit/537.36 (KHTML, like Gecko) Chrome/145.0.0.0 Mobile Safari/537.36"
45.103.27.70 - - [08/Mar/2026:11:40:51 +0000] "GET /favicon.png HTTP/1.1" 200 1145 "-" "Mozilla/5.0 (Linux; Android 10; K) AppleWebKit/537.36 (KHTML, like Gecko) Chrome/145.0.0.0 Mobile Safari/537.36"
